Archive member included to satisfy reference by file (symbol)

c:/chibistudio/tools/gnu tools arm embedded/9.0 2019q4/bin/../lib/gcc/arm-none-eabi/9.2.1/../../../../arm-none-eabi/lib/thumb/v7e-m/nofp\libm.a(lib_a-s_atan.o)
                              ./build/obj/main.o (symbol from plugin) (atan)
c:/chibistudio/tools/gnu tools arm embedded/9.0 2019q4/bin/../lib/gcc/arm-none-eabi/9.2.1/../../../../arm-none-eabi/lib/thumb/v7e-m/nofp\libm.a(lib_a-s_fabs.o)
                              c:/chibistudio/tools/gnu tools arm embedded/9.0 2019q4/bin/../lib/gcc/arm-none-eabi/9.2.1/../../../../arm-none-eabi/lib/thumb/v7e-m/nofp\libm.a(lib_a-s_atan.o) (fabs)
c:/chibistudio/tools/gnu tools arm embedded/9.0 2019q4/bin/../lib/gcc/arm-none-eabi/9.2.1/../../../../arm-none-eabi/lib/thumb/v7e-m/nofp\libm.a(lib_a-w_pow.o)
                              ./build/obj/main.o (symbol from plugin) (pow)
c:/chibistudio/tools/gnu tools arm embedded/9.0 2019q4/bin/../lib/gcc/arm-none-eabi/9.2.1/../../../../arm-none-eabi/lib/thumb/v7e-m/nofp\libm.a(lib_a-w_sqrt.o)
                              ./build/obj/main.o (symbol from plugin) (sqrt)
c:/chibistudio/tools/gnu tools arm embedded/9.0 2019q4/bin/../lib/gcc/arm-none-eabi/9.2.1/../../../../arm-none-eabi/lib/thumb/v7e-m/nofp\libm.a(lib_a-e_pow.o)
                              c:/chibistudio/tools/gnu tools arm embedded/9.0 2019q4/bin/../lib/gcc/arm-none-eabi/9.2.1/../../../../arm-none-eabi/lib/thumb/v7e-m/nofp\libm.a(lib_a-w_pow.o) (__ieee754_pow)
c:/chibistudio/tools/gnu tools arm embedded/9.0 2019q4/bin/../lib/gcc/arm-none-eabi/9.2.1/../../../../arm-none-eabi/lib/thumb/v7e-m/nofp\libm.a(lib_a-e_sqrt.o)
                              c:/chibistudio/tools/gnu tools arm embedded/9.0 2019q4/bin/../lib/gcc/arm-none-eabi/9.2.1/../../../../arm-none-eabi/lib/thumb/v7e-m/nofp\libm.a(lib_a-w_sqrt.o) (__ieee754_sqrt)
c:/chibistudio/tools/gnu tools arm embedded/9.0 2019q4/bin/../lib/gcc/arm-none-eabi/9.2.1/../../../../arm-none-eabi/lib/thumb/v7e-m/nofp\libm.a(lib_a-s_finite.o)
                              c:/chibistudio/tools/gnu tools arm embedded/9.0 2019q4/bin/../lib/gcc/arm-none-eabi/9.2.1/../../../../arm-none-eabi/lib/thumb/v7e-m/nofp\libm.a(lib_a-w_pow.o) (finite)
c:/chibistudio/tools/gnu tools arm embedded/9.0 2019q4/bin/../lib/gcc/arm-none-eabi/9.2.1/../../../../arm-none-eabi/lib/thumb/v7e-m/nofp\libm.a(lib_a-s_lib_ver.o)
                              c:/chibistudio/tools/gnu tools arm embedded/9.0 2019q4/bin/../lib/gcc/arm-none-eabi/9.2.1/../../../../arm-none-eabi/lib/thumb/v7e-m/nofp\libm.a(lib_a-w_pow.o) (__fdlib_version)
c:/chibistudio/tools/gnu tools arm embedded/9.0 2019q4/bin/../lib/gcc/arm-none-eabi/9.2.1/../../../../arm-none-eabi/lib/thumb/v7e-m/nofp\libm.a(lib_a-s_matherr.o)
                              c:/chibistudio/tools/gnu tools arm embedded/9.0 2019q4/bin/../lib/gcc/arm-none-eabi/9.2.1/../../../../arm-none-eabi/lib/thumb/v7e-m/nofp\libm.a(lib_a-w_pow.o) (matherr)
c:/chibistudio/tools/gnu tools arm embedded/9.0 2019q4/bin/../lib/gcc/arm-none-eabi/9.2.1/../../../../arm-none-eabi/lib/thumb/v7e-m/nofp\libm.a(lib_a-s_nan.o)
                              c:/chibistudio/tools/gnu tools arm embedded/9.0 2019q4/bin/../lib/gcc/arm-none-eabi/9.2.1/../../../../arm-none-eabi/lib/thumb/v7e-m/nofp\libm.a(lib_a-e_pow.o) (nan)
c:/chibistudio/tools/gnu tools arm embedded/9.0 2019q4/bin/../lib/gcc/arm-none-eabi/9.2.1/../../../../arm-none-eabi/lib/thumb/v7e-m/nofp\libm.a(lib_a-s_rint.o)
                              c:/chibistudio/tools/gnu tools arm embedded/9.0 2019q4/bin/../lib/gcc/arm-none-eabi/9.2.1/../../../../arm-none-eabi/lib/thumb/v7e-m/nofp\libm.a(lib_a-w_pow.o) (rint)
c:/chibistudio/tools/gnu tools arm embedded/9.0 2019q4/bin/../lib/gcc/arm-none-eabi/9.2.1/../../../../arm-none-eabi/lib/thumb/v7e-m/nofp\libm.a(lib_a-s_scalbn.o)
                              c:/chibistudio/tools/gnu tools arm embedded/9.0 2019q4/bin/../lib/gcc/arm-none-eabi/9.2.1/../../../../arm-none-eabi/lib/thumb/v7e-m/nofp\libm.a(lib_a-e_pow.o) (scalbn)
c:/chibistudio/tools/gnu tools arm embedded/9.0 2019q4/bin/../lib/gcc/arm-none-eabi/9.2.1/thumb/v7e-m/nofp\libgcc.a(_arm_muldf3.o)
                              c:/chibistudio/tools/gnu tools arm embedded/9.0 2019q4/bin/../lib/gcc/arm-none-eabi/9.2.1/../../../../arm-none-eabi/lib/thumb/v7e-m/nofp\libm.a(lib_a-s_atan.o) (__aeabi_dmul)
c:/chibistudio/tools/gnu tools arm embedded/9.0 2019q4/bin/../lib/gcc/arm-none-eabi/9.2.1/thumb/v7e-m/nofp\libgcc.a(_arm_addsubdf3.o)
                              c:/chibistudio/tools/gnu tools arm embedded/9.0 2019q4/bin/../lib/gcc/arm-none-eabi/9.2.1/../../../../arm-none-eabi/lib/thumb/v7e-m/nofp\libm.a(lib_a-s_atan.o) (__aeabi_dsub)
c:/chibistudio/tools/gnu tools arm embedded/9.0 2019q4/bin/../lib/gcc/arm-none-eabi/9.2.1/thumb/v7e-m/nofp\libgcc.a(_arm_muldivdf3.o)
[...]
Memory Configuration

Name             Origin             Length             Attributes
flash0           0x08000000         0x00080000         xr
flash1           0x00000000         0x00000000         xr
flash2           0x00000000         0x00000000         xr
flash3           0x00000000         0x00000000         xr
flash4           0x00000000         0x00000000         xr
flash5           0x00000000         0x00000000         xr
flash6           0x00000000         0x00000000         xr
flash7           0x00000000         0x00000000         xr
ram0             0x20000000         0x00018000         xw
ram1             0x00000000         0x00000000         xw
ram2             0x00000000         0x00000000         xw
ram3             0x00000000         0x00000000         xw
ram4             0x00000000         0x00000000         xw
ram5             0x00000000         0x00000000         xw
ram6             0x00000000         0x00000000         xw
ram7             0x00000000         0x00000000         xw
*default*        0x00000000         0xffffffff

Linker script and memory map

LOAD ./build/obj/crt0_v7m.o
LOAD ./build/obj/vectors.o
LOAD ./build/obj/chcoreasm_v7m.o
LOAD C:\Users\leona\AppData\Local\Temp\ch.elf.434qFc.ltrans0.ltrans.o
LOAD C:\Users\leona\AppData\Local\Temp\ccUyI5dz.debug.temp.o
LOAD C:\Users\leona\AppData\Local\Temp\ccAfIihT.debug.temp.o
LOAD C:\Users\leona\AppData\Local\Temp\ccCXsGod.debug.temp.o
LOAD C:\Users\leona\AppData\Local\Temp\ccCaMJAx.debug.temp.o
LOAD C:\Users\leona\AppData\Local\Temp\ccGrQMQR.debug.temp.o
LOAD C:\Users\leona\AppData\Local\Temp\cce0Rzbc.debug.temp.o
LOAD C:\Users\leona\AppData\Local\Temp\ccEQwtAw.debug.temp.o
LOAD C:\Users\leona\AppData\Local\Temp\ccum4X3Q.debug.temp.o
LOAD C:\Users\leona\AppData\Local\Temp\cc2s3ura.debug.temp.o
LOAD C:\Users\leona\AppData\Local\Temp\cc0WJpVt.debug.temp.o
LOAD C:\Users\leona\AppData\Local\Temp\cceRVTtN.debug.temp.o
LOAD C:\Users\leona\AppData\Local\Temp\ccsL7n26.debug.temp.o
LOAD C:\Users\leona\AppData\Local\Temp\ccYAw2Eq.debug.temp.o
LOAD C:\Users\leona\AppData\Local\Temp\ccsVtmmK.debug.temp.o
LOAD C:\Users\leona\AppData\Local\Temp\ccoYAh83.debug.temp.o
LOAD C:\Users\leona\AppData\Local\Temp\ccuKOlYn.debug.temp.o
LOAD C:\Users\leona\AppData\Local\Temp\ccwYj5SH.debug.temp.o
LOAD C:\Users\leona\AppData\Local\Temp\cc80x9G0.debug.temp.o
LOAD C:\Users\leona\AppData\Local\Temp\ccgo0Xzj.debug.temp.o
LOAD C:\Users\leona\AppData\Local\Temp\ccoLsMsC.debug.temp.o
LOAD C:\Users\leona\AppData\Local\Temp\cc6KZZrV.debug.temp.o
LOAD C:\Users\leona\AppData\Local\Temp\ccOKwdre.debug.temp.o
LOAD C:\Users\leona\AppData\Local\Temp\ccYYJavx.debug.temp.o
LOAD C:\Users\leona\AppData\Local\Temp\ccYrjeDQ.debug.temp.o
LOAD C:\Users\leona\AppData\Local\Temp\ccafQQP9.debug.temp.o
LOAD C:\Users\leona\AppData\Local\Temp\ccK6oE6s.debug.temp.o
LOAD C:\Users\leona\AppData\Local\Temp\ccOjb7XP.debug.temp.o
LOAD C:\Users\leona\AppData\Local\Temp\ccSwXzPc.debug.temp.o
LOAD C:\Users\leona\AppData\Local\Temp\cca7XBLz.debug.temp.o
LOAD C:\Users\leona\AppData\Local\Temp\ccQL0OLW.debug.temp.o
LOAD C:\Users\leona\AppData\Local\Temp\ccsSkHQj.debug.temp.o
LOAD C:\Users\leona\AppData\Local\Temp\ccIbLQ1G.debug.temp.o
LOAD C:\Users\leona\AppData\Local\Temp\ccqJRJh4.debug.temp.o
LOAD C:\Users\leona\AppData\Local\Temp\ccYvkJBr.debug.temp.o
LOAD C:\Users\leona\AppData\Local\Temp\ccY0Wj0O.debug.temp.o
LOAD C:\Users\leona\AppData\Local\Temp\ccKczXib.debug.temp.o
LOAD C:\Users\leona\AppData\Local\Temp\ccwobBBx.debug.temp.o
LOAD C:\Users\leona\AppData\Local\Temp\cc4IBkYT.debug.temp.o
LOAD C:\Users\leona\AppData\Local\Temp\cc6OsFpg.debug.temp.o
LOAD C:\Users\leona\AppData\Local\Temp\ccgB98UC.debug.temp.o
LOAD C:\Users\leona\AppData\Local\Temp\ccqVFivZ.debug.temp.o
LOAD C:\Users\leona\AppData\Local\Temp\ccOCq19l.debug.temp.o
LOAD C:\Users\leona\AppData\Local\Temp\ccYcBDQI.debug.temp.o
LOAD C:\Users\leona\AppData\Local\Temp\cc8MLfx5.debug.temp.o
LOAD C:\Users\leona\AppData\Local\Temp\ccgSuxis.debug.temp.o
LOAD C:\Users\leona\AppData\Local\Temp\ccKssR7O.debug.temp.o
LOAD C:\Users\leona\AppData\Local\Temp\cc2MGeRa.debug.temp.o
LOAD C:\Users\leona\AppData\Local\Temp\cc4csHEw.debug.temp.o
LOAD C:\Users\leona\AppData\Local\Temp\ccAoELwS.debug.temp.o
LOAD C:\Users\leona\AppData\Local\Temp\ccktBxte.debug.temp.o
LOAD C:\Users\leona\AppData\Local\Temp\ccWPbquA.debug.temp.o
LOAD C:\Users\leona\AppData\Local\Temp\ccycMivW.debug.temp.o
LOAD C:\Users\leona\AppData\Local\Temp\ccqZRKAi.debug.temp.o
LOAD C:\Users\leona\AppData\Local\Temp\ccaQvEME.debug.temp.o
LOAD C:\Users\leona\AppData\Local\Temp\ccO59c30.debug.temp.o
LOAD C:\Users\leona\AppData\Local\Temp\ccqOVHdm.debug.temp.o
LOAD C:\Users\leona\AppData\Local\Temp\cc89flsH.debug.temp.o
LOAD C:\Users\leona\AppData\Local\Temp\ccS6GEL2.debug.temp.o
LOAD C:\Users\leona\AppData\Local\Temp\ccUsOZ8n.debug.temp.o
LOAD C:\Users\leona\AppData\Local\Temp\cceOe3AJ.debug.temp.o
LOAD C:\Users\leona\AppData\Local\Temp\cckitc74.debug.temp.o
LOAD C:\Users\leona\AppData\Local\Temp\ccqMHlDq.debug.temp.o
LOAD C:\Users\leona\AppData\Local\Temp\ccMGr4dM.debug.temp.o
LOAD C:\Users\leona\AppData\Local\Temp\ccCS8wT7.debug.temp.o
LOAD C:\Users\leona\AppData\Local\Temp\ccmdCP6w.debug.temp.o
LOAD C:\Users\leona\AppData\Local\Temp\cckVjHoW.debug.temp.o
LOAD C:\Users\leona\AppData\Local\Temp\ccCBvJKl.debug.temp.o
LOAD C:\Users\leona\AppData\Local\Temp\ccQJYqbL.debug.temp.o
LOAD C:\Users\leona\AppData\Local\Temp\cckiXHGa.debug.temp.o
LOAD C:\Users\leona\AppData\Local\Temp\ccOQVYbA.debug.temp.o
LOAD C:\Users\leona\AppData\Local\Temp\ccGtWqLZ.debug.temp.o
LOAD C:\Users\leona\AppData\Local\Temp\ccsvXxpp.debug.temp.o
LOAD C:\Users\leona\AppData\Local\Temp\ccA2cH7O.debug.temp.o
LOAD C:\Users\leona\AppData\Local\Temp\cck14RJd.debug.temp.o
LOAD C:\Users\leona\AppData\Local\Temp\ccytcrsC.debug.temp.o
LOAD C:\Users\leona\AppData\Local\Temp\cc4o6zf1.debug.temp.o
LOAD C:\Users\leona\AppData\Local\Temp\cc0vps7p.debug.temp.o
LOAD C:\Users\leona\AppData\Local\Temp\ccMR4q3O.debug.temp.o
LOAD C:\Users\leona\AppData\Local\Temp\ccMAYY3d.debug.temp.o
LOAD C:\Users\leona\AppData\Local\Temp\cc8kDH8C.debug.temp.o
LOAD C:\Users\leona\AppData\Local\Temp\ccuD75h2.debug.temp.o
LOAD C:\Users\leona\AppData\Local\Temp\ccy0wolq.debug.temp.o
LOAD C:\Users\leona\AppData\Local\Temp\ccUi9QsO.debug.temp.o

.mstack         0x20000000      0x400
                0x20000000                . = ALIGN (0x8)
                0x20000000                __main_stack_base__ = .
                0x20000400                . = (. + __main_stack_size__)
 *fill*         0x20000000      0x400 
                0x20000400                . = ALIGN (0x8)
                0x20000400                __main_stack_end__ = .

.pstack         0x20000400      0x400
                0x20000400                . = ALIGN (0x8)
                0x20000400                __process_stack_base__ = .
                0x20000400                __main_thread_stack_base__ = .
                0x20000800                . = (. + __process_stack_size__)
 *fill*         0x20000400      0x400 
                0x20000800                . = ALIGN (0x8)
                0x20000800                __process_stack_end__ = .
                0x20000800                __main_thread_stack_end__ = .

.vectors        0x08000000      0x1e0
 *(.vectors)
 .vectors       0x08000000      0x1e0 ./build/obj/vectors.o
                0x08000000                _vectors

.xtors          0x080001e0        0x0
                0x080001e0                __init_array_base__ = .
 *(SORT_BY_NAME(.init_array.*))
 *(.init_array)
                0x080001e0                __init_array_end__ = .
                0x080001e0                __fini_array_base__ = .
 *(.fini_array)
 *(SORT_BY_NAME(.fini_array.*))
                0x080001e0                __fini_array_end__ = .

.text           0x080001e0     0x7690
                0x080001e0                __text_base__ = .
 *(.text)
 .text          0x080001e0       0xd8 ./build/obj/crt0_v7m.o
                0x080001e0                _crt0_entry
 .text          0x080002b8        0x8 ./build/obj/vectors.o
                0x080002b8                Reset_Handler
                0x080002ba                VectorE8
                0x080002ba                Vector9C
                0x080002ba                VectorAC
                0x080002ba                DebugMon_Handler
                0x080002ba                Vector1A0
                0x080002ba                Vector5C
                0x080002ba                Vector11C
                0x080002ba                HardFault_Handler
                0x080002ba                Vector1B8
                0x080002ba                Vector19C
                0x080002ba                Vector8C
                0x080002ba                SysTick_Handler
                0x080002ba                VectorDC
                0x080002ba                PendSV_Handler
                0x080002ba                Vector168
                0x080002ba                NMI_Handler
                0x080002ba                Vector110
                0x080002ba                Vector1D8
                0x080002ba                VectorC8
                0x080002ba                Vector94
                0x080002ba                VectorA8
                0x080002ba                Vector160
                0x080002ba                Vector1B0
                0x080002ba                UsageFault_Handler
                0x080002ba                VectorEC
                0x080002ba                Vector40
                0x080002ba                VectorF8
                0x080002ba                Vector190
                0x080002ba                Vector1C4
                0x080002ba                Vector1CC
                0x080002ba                Vector148
                0x080002ba                Vector188
                0x080002ba                Vector198
                0x080002ba                Vector118
                0x080002ba                Vector64
                0x080002ba                Vector58
                0x080002ba                VectorCC
                0x080002ba                Vector54
                0x080002ba                Vector98
                0x080002ba                Vector138
                0x080002ba                Vector24
                0x080002ba                Vector1AC
                0x080002ba                Vector178
                0x080002ba                Vector1A4
                0x080002ba                VectorD0
                0x080002ba                Vector1B4
                0x080002ba                Vector140
                0x080002ba                VectorE4
                0x080002ba                Vector1C0
                0x080002ba                Vector134
                0x080002ba                Vector1D0
                0x080002ba                VectorF0
                0x080002ba                Vector13C
                0x080002ba                Vector100
                0x080002ba                VectorE0
                0x080002ba                VectorF4
                0x080002ba                MemManage_Handler
                0x080002ba                VectorA0
                0x080002ba                VectorC4
                0x080002ba                Vector180
                0x080002ba                Vector90
                0x080002ba                Vector114
                0x080002ba                Vector164
                0x080002ba                Vector60
                0x080002ba                Vector1C
                0x080002ba                Vector1BC
                0x080002ba                Vector1D4
                0x080002ba                Vector17C
                0x080002ba                Vector48
                0x080002ba                Vector1A8
                0x080002ba                Vector16C
                0x080002ba                VectorD4
                0x080002ba                Vector4C
                0x080002ba                Vector144
                0x080002ba                Vector15C
                0x080002ba                Vector68
                0x080002ba                Vector18C
                0x080002ba                Vector170
                0x080002ba                Vector104
                0x080002ba                Vector184
                0x080002ba                Vector10C
                0x080002ba                Vector14C
                0x080002ba                BusFault_Handler
                0x080002ba                Vector50
                0x080002ba                Vector1C8
                0x080002ba                Vector194
                0x080002ba                Vector1DC
                0x080002ba                Vector44
                0x080002ba                Vector28
                0x080002ba                Vector34
                0x080002ba                VectorA4
                0x080002ba                Vector20
                0x080002ba                Vector174
                0x080002be                _unhandled_exception
 .text          0x080002c0       0x42 ./build/obj/chcoreasm_v7m.o
                0x080002c0                _port_switch
                0x080002d0                _port_thread_start
                0x080002ea                _port_switch_from_isr
                0x080002fe                _port_exit_from_isr
 *fill*         0x08000302        0x2 
 .text          0x08000304      0x378 c:/chibistudio/tools/gnu tools arm embedded/9.0 2019q4/bin/../lib/gcc/arm-none-eabi/9.2.1/thumb/v7e-m/nofp\libgcc.a(_arm_addsubdf3.o)
                0x08000304                __aeabi_drsub
                0x0800030c                __aeabi_dsub
                0x0800030c                __subdf3
                0x08000310                __aeabi_dadd
                0x08000310                __adddf3
                0x08000588                __floatunsidf
                0x08000588                __aeabi_ui2d
                0x080005a8                __floatsidf
                0x080005a8                __aeabi_i2d
                0x080005cc                __aeabi_f2d
                0x080005cc                __extendsfdf2
                0x08000610                __floatundidf
                0x08000610                __aeabi_ul2d
                0x08000620                __floatdidf
                0x08000620                __aeabi_l2d
 .text          0x0800067c      0x424 c:/chibistudio/tools/gnu tools arm embedded/9.0 2019q4/bin/../lib/gcc/arm-none-eabi/9.2.1/thumb/v7e-m/nofp\libgcc.a(_arm_muldivdf3.o)
                0x0800067c                __aeabi_dmul
                0x0800067c                __muldf3
                0x080008d0                __divdf3
                0x080008d0                __aeabi_ddiv
 .text          0x08000aa0      0x110 c:/chibistudio/tools/gnu tools arm embedded/9.0 2019q4/bin/../lib/gcc/arm-none-eabi/9.2.1/thumb/v7e-m/nofp\libgcc.a(_arm_cmpdf2.o)
                0x08000aa0                __gtdf2
                0x08000aa0                __gedf2
                0x08000aa8                __ltdf2
                0x08000aa8                __ledf2
                0x08000ab0                __nedf2
                0x08000ab0                __eqdf2
                0x08000ab0                __cmpdf2
                0x08000b2c                __aeabi_cdrcmple
                0x08000b3c                __aeabi_cdcmpeq
                0x08000b3c                __aeabi_cdcmple
                0x08000b4c                __aeabi_dcmpeq
                0x08000b60                __aeabi_dcmplt
                0x08000b74                __aeabi_dcmple
                0x08000b88                __aeabi_dcmpge
                0x08000b9c                __aeabi_dcmpgt
 .text          0x08000bb0       0x2c c:/chibistudio/tools/gnu tools arm embedded/9.0 2019q4/bin/../lib/gcc/arm-none-eabi/9.2.1/thumb/v7e-m/nofp\libgcc.a(_arm_unorddf2.o)
                0x08000bb0                __unorddf2
                0x08000bb0                __aeabi_dcmpun
 .text          0x08000bdc       0x50 c:/chibistudio/tools/gnu tools arm embedded/9.0 2019q4/bin/../lib/gcc/arm-none-eabi/9.2.1/thumb/v7e-m/nofp\libgcc.a(_arm_fixdfsi.o)
                0x08000bdc                __aeabi_d2iz
                0x08000bdc                __fixdfsi
 .text          0x08000c2c       0xa0 c:/chibistudio/tools/gnu tools arm embedded/9.0 2019q4/bin/../lib/gcc/arm-none-eabi/9.2.1/thumb/v7e-m/nofp\libgcc.a(_arm_truncdfsf2.o)
                0x08000c2c                __truncdfsf2
                0x08000c2c                __aeabi_d2f
 .text          0x08000ccc      0x21c c:/chibistudio/tools/gnu tools arm embedded/9.0 2019q4/bin/../lib/gcc/arm-none-eabi/9.2.1/thumb/v7e-m/nofp\libgcc.a(_arm_addsubsf3.o)
                0x08000ccc                __aeabi_frsub
                0x08000cd4                __subsf3
                0x08000cd4                __aeabi_fsub
                0x08000cd8                __aeabi_fadd
                0x08000cd8                __addsf3
                0x08000e38                __aeabi_ui2f
                0x08000e38                __floatunsisf
                0x08000e40                __aeabi_i2f
                0x08000e40                __floatsisf
                0x08000e5c                __aeabi_ul2f
                0x08000e5c                __floatundisf
                0x08000e6c                __aeabi_l2f
                0x08000e6c                __floatdisf
 .text          0x08000ee8      0x2a0 c:/chibistudio/tools/gnu tools arm embedded/9.0 2019q4/bin/../lib/gcc/arm-none-eabi/9.2.1/thumb/v7e-m/nofp\libgcc.a(_arm_muldivsf3.o)
                0x08000ee8                __mulsf3
                0x08000ee8                __aeabi_fmul
                0x08001050                __aeabi_fdiv
                0x08001050                __divsf3
 .text          0x08001188       0xec c:/chibistudio/tools/gnu tools arm embedded/9.0 2019q4/bin/../lib/gcc/arm-none-eabi/9.2.1/thumb/v7e-m/nofp\libgcc.a(_arm_cmpsf2.o)
                0x08001188                __gesf2
                0x08001188                __gtsf2
                0x08001190                __lesf2
                0x08001190                __ltsf2
                0x08001198                __nesf2
                0x08001198                __eqsf2
                0x08001198                __cmpsf2
                0x080011f8                __aeabi_cfrcmple
                0x08001200                __aeabi_cfcmpeq
                0x08001200                __aeabi_cfcmple
                0x08001210                __aeabi_fcmpeq
                0x08001224                __aeabi_fcmplt
                0x08001238                __aeabi_fcmple
                0x0800124c                __aeabi_fcmpge
                0x08001260                __aeabi_fcmpgt
 .text          0x08001274       0x4c c:/chibistudio/tools/gnu tools arm embedded/9.0 2019q4/bin/../lib/gcc/arm-none-eabi/9.2.1/thumb/v7e-m/nofp\libgcc.a(_arm_fixsfsi.o)
                0x08001274                __aeabi_f2iz
                0x08001274                __fixsfsi
 .text          0x080012c0      0x134 c:/chibistudio/tools/gnu tools arm embedded/9.0 2019q4/bin/../lib/gcc/arm-none-eabi/9.2.1/../../../../arm-none-eabi/lib/thumb/v7e-m/nofp\libg.a(lib_a-memcpy.o)
                0x080012c0                memcpy
 *fill*         0x080013f4        0xc 
 .text          0x08001400      0x2dc c:/chibistudio/tools/gnu tools arm embedded/9.0 2019q4/bin/../lib/gcc/arm-none-eabi/9.2.1/../../../../arm-none-eabi/lib/thumb/v7e-m/nofp\libg.a(lib_a-strcmp.o)
                0x08001408                strcmp
 *(.text.*)
 *fill*         0x080016dc        0x4 
 .text.notify2  0x080016e0       0x10 C:\Users\leona\AppData\Local\Temp\ch.elf.434qFc.ltrans0.ltrans.o
 .text.gotoXy   0x080016f0        0x8 C:\Users\leona\AppData\Local\Temp\ch.elf.434qFc.ltrans0.ltrans.o
 *fill*         0x080016f8        0x8 
 .text.drawPixel
                0x08001700       0x58 C:\Users\leona\AppData\Local\Temp\ch.elf.434qFc.ltrans0.ltrans.o
 *fill*         0x08001758        0x8 
 .text.drawCircle
                0x08001760      0x158 C:\Users\leona\AppData\Local\Temp\ch.elf.434qFc.ltrans0.ltrans.o
 *fill*         0x080018b8        0x8 
 .text.drawLine
                0x080018c0      0x1a0 C:\Users\leona\AppData\Local\Temp\ch.elf.434qFc.ltrans0.ltrans.o
 .text.drawCircleFill
                0x08001a60      0x15c C:\Users\leona\AppData\Local\Temp\ch.elf.434qFc.ltrans0.ltrans.o
 *fill*         0x08001bbc        0x4 
 .text.drawTriFill
                0x08001bc0       0xe4 C:\Users\leona\AppData\Local\Temp\ch.elf.434qFc.ltrans0.ltrans.o
 *fill*         0x08001ca4        0xc 
 .text.drawTri  0x08001cb0       0x50 C:\Users\leona\AppData\Local\Temp\ch.elf.434qFc.ltrans0.ltrans.o
 .text.drawRectFill
                0x08001d00       0x64 C:\Users\leona\AppData\Local\Temp\ch.elf.434qFc.ltrans0.ltrans.o
 *fill*         0x08001d64        0xc 
 .text.drawRect
                0x08001d70       0x7c C:\Users\leona\AppData\Local\Temp\ch.elf.434qFc.ltrans0.ltrans.o
 *fill*         0x08001dec        0x4 
 .text.PUTC     0x08001df0       0xa4 C:\Users\leona\AppData\Local\Temp\ch.elf.434qFc.ltrans0.ltrans.o
 *fill*         0x08001e94        0xc 
 .text.PUTS     0x08001ea0       0x30 C:\Users\leona\AppData\Local\Temp\ch.elf.434qFc.ltrans0.ltrans.o
 .text.toggleInvert
                0x08001ed0       0x38 C:\Users\leona\AppData\Local\Temp\ch.elf.434qFc.ltrans0.ltrans.o
 *fill*         0x08001f08        0x8 
 .text._get.lto_priv.1
                0x08001f10       0x1c C:\Users\leona\AppData\Local\Temp\ch.elf.434qFc.ltrans0.ltrans.o
 *fill*         0x08001f2c        0x4 
 .text._put.lto_priv.1
                0x08001f30       0x1c C:\Users\leona\AppData\Local\Temp\ch.elf.434qFc.ltrans0.ltrans.o
 *fill*         0x08001f4c        0x4 
 .text.chvprintf
                0x08001f50      0x654 C:\Users\leona\AppData\Local\Temp\ch.elf.434qFc.ltrans0.ltrans.o
 *fill*         0x080025a4        0xc 
 .text._port_irq_epilogue
                0x080025b0       0x4c C:\Users\leona\AppData\Local\Temp\ch.elf.434qFc.ltrans0.ltrans.o
 *fill*         0x080025fc        0x4 
 .text._stats_increase_irq
                0x08002600       0x20 C:\Users\leona\AppData\Local\Temp\ch.elf.434qFc.ltrans0.ltrans.o
 .text.chTMChainMeasurementToX
                0x08002620       0x3c C:\Users\leona\AppData\Local\Temp\ch.elf.434qFc.ltrans0.ltrans.o
 *fill*         0x0800265c        0x4 
 .text.chTMStopMeasurementX
                0x08002660       0x44 C:\Users\leona\AppData\Local\Temp\ch.elf.434qFc.ltrans0.ltrans.o
 *fill*         0x080026a4        0xc 
 .text._stats_stop_measure_crit_isr
                0x080026b0        0xc C:\Users\leona\AppData\Local\Temp\ch.elf.434qFc.ltrans0.ltrans.o
 *fill*         0x080026bc        0x4 
 .text.chTMStartMeasurementX
                0x080026c0        0xc C:\Users\leona\AppData\Local\Temp\ch.elf.434qFc.ltrans0.ltrans.o
 *fill*         0x080026cc        0x4 
 .text._stats_start_measure_crit_isr
                0x080026d0        0xc C:\Users\leona\AppData\Local\Temp\ch.elf.434qFc.ltrans0.ltrans.o
 *fill*         0x080026dc        0x4 
 .text.chDbgCheckClassS
                0x080026e0       0x20 C:\Users\leona\AppData\Local\Temp\ch.elf.434qFc.ltrans0.ltrans.o
 .text.chDbgCheckClassI
                0x08002700       0x20 C:\Users\leona\AppData\Local\Temp\ch.elf.434qFc.ltrans0.ltrans.o
 .text.chCoreAllocAlignedI
                0x08002720       0x28 C:\Users\leona\AppData\Local\Temp\ch.elf.434qFc.ltrans0.ltrans.o
 *fill*         0x08002748        0x8 
 .text.chThdCreateSuspendedI
                0x08002750       0x90 C:\Users\leona\AppData\Local\Temp\ch.elf.434qFc.ltrans0.ltrans.o
 .text.chSchReadyI
                0x080027e0       0x28 C:\Users\leona\AppData\Local\Temp\ch.elf.434qFc.ltrans0.ltrans.o
 *fill*         0x08002808        0x8 
 .text.chEvtBroadcastFlagsI
                0x08002810       0x60 C:\Users\leona\AppData\Local\Temp\ch.elf.434qFc.ltrans0.ltrans.o
 .text.chThdResumeI
                0x08002870       0x14 C:\Users\leona\AppData\Local\Temp\ch.elf.434qFc.ltrans0.ltrans.o
 *fill*         0x08002884        0xc 
 .text._dbg_check_leave_isr
                0x08002890       0x2c C:\Users\leona\AppData\Local\Temp\ch.elf.434qFc.ltrans0.ltrans.o
 *fill*         0x080028bc        0x4 
 .text._dbg_check_enter_isr
                0x080028c0       0x2c C:\Users\leona\AppData\Local\Temp\ch.elf.434qFc.ltrans0.ltrans.o
 *fill*         0x080028ec        0x4 
 .text._dbg_check_unlock_from_isr
                0x080028f0       0x24 C:\Users\leona\AppData\Local\Temp\ch.elf.434qFc.ltrans0.ltrans.o
 *fill*         0x08002914        0xc 
 .text._dbg_check_lock_from_isr
                0x08002920       0x24 C:\Users\leona\AppData\Local\Temp\ch.elf.434qFc.ltrans0.ltrans.o
 *fill*         0x08002944        0xc 
 .text.wakeup   0x08002950       0x60 C:\Users\leona\AppData\Local\Temp\ch.elf.434qFc.ltrans0.ltrans.o
 .text._idle_thread
                0x080029b0        0x4 C:\Users\leona\AppData\Local\Temp\ch.elf.434qFc.ltrans0.ltrans.o
 *fill*         0x080029b4        0xc 
 .text.pwm_lld_serve_interrupt
                0x080029c0       0x5c C:\Users\leona\AppData\Local\Temp\ch.elf.434qFc.ltrans0.ltrans.o
 *fill*         0x08002a1c        0x4 
 .text.i2c_lld_serve_tx_end_irq
                0x08002a20       0x44 C:\Users\leona\AppData\Local\Temp\ch.elf.434qFc.ltrans0.ltrans.o
 *fill*         0x08002a64        0xc 
 .text.i2c_lld_serve_rx_end_irq
                0x08002a70       0x7c C:\Users\leona\AppData\Local\Temp\ch.elf.434qFc.ltrans0.ltrans.o
 *fill*         0x08002aec        0x4 
 .text._pal_lld_setgroupmode
                0x08002af0       0xd8 C:\Users\leona\AppData\Local\Temp\ch.elf.434qFc.ltrans0.ltrans.o
 *fill*         0x08002bc8        0x8 
 .text.dmaStreamAllocI.part.0
                0x08002bd0       0xd8 C:\Users\leona\AppData\Local\Temp\ch.elf.434qFc.ltrans0.ltrans.o
 *fill*         0x08002ca8        0x8 
 .text.i2c_lld_start
                0x08002cb0      0x190 C:\Users\leona\AppData\Local\Temp\ch.elf.434qFc.ltrans0.ltrans.o
 .text.adc_lld_stop_conversion
                0x08002e40       0x34 C:\Users\leona\AppData\Local\Temp\ch.elf.434qFc.ltrans0.ltrans.o
 *fill*         0x08002e74        0xc 
 .text.adc_lld_serve_rx_interrupt
                0x08002e80       0xc8 C:\Users\leona\AppData\Local\Temp\ch.elf.434qFc.ltrans0.ltrans.o
 *fill*         0x08002f48        0x8 
 .text._ctl     0x08002f50        0x4 C:\Users\leona\AppData\Local\Temp\ch.elf.434qFc.ltrans0.ltrans.o
 *fill*         0x08002f54        0xc 
 .text.chSchWakeupS.constprop.0
                0x08002f60       0x6c C:\Users\leona\AppData\Local\Temp\ch.elf.434qFc.ltrans0.ltrans.o
 *fill*         0x08002fcc        0x4 
 .text.chSchGoSleepS
                0x08002fd0       0x44 C:\Users\leona\AppData\Local\Temp\ch.elf.434qFc.ltrans0.ltrans.o
 *fill*         0x08003014        0xc 
 .text.chThdExitS
                0x08003020       0x48 C:\Users\leona\AppData\Local\Temp\ch.elf.434qFc.ltrans0.ltrans.o
 *fill*         0x08003068        0x8 
 .text.chSchGoSleepTimeoutS
                0x08003070      0x11c C:\Users\leona\AppData\Local\Temp\ch.elf.434qFc.ltrans0.ltrans.o
 *fill*         0x0800318c        0x4 
 .text.chThdEnqueueTimeoutS
                0x08003190       0x28 C:\Users\leona\AppData\Local\Temp\ch.elf.434qFc.ltrans0.ltrans.o
 *fill*         0x080031b8        0x8 
 .text.chsnprintf.constprop.0
                0x080031c0       0x40 C:\Users\leona\AppData\Local\Temp\ch.elf.434qFc.ltrans0.ltrans.o
 .text.chprintf
                0x08003200       0x1c C:\Users\leona\AppData\Local\Temp\ch.elf.434qFc.ltrans0.ltrans.o
 *fill*         0x0800321c        0x4 
 .text.cmd_demo
                0x08003220       0x28 C:\Users\leona\AppData\Local\Temp\ch.elf.434qFc.ltrans0.ltrans.o
 *fill*         0x08003248        0x8 
 .text.cmd_echo
                0x08003250       0x20 C:\Users\leona\AppData\Local\Temp\ch.elf.434qFc.ltrans0.ltrans.o
 .text.cmd_info
                0x08003270       0xbc C:\Users\leona\AppData\Local\Temp\ch.elf.434qFc.ltrans0.ltrans.o
 *fill*         0x0800332c        0x4 
 .text.cmd_oled
                0x08003330       0x5c C:\Users\leona\AppData\Local\Temp\ch.elf.434qFc.ltrans0.ltrans.o
 *fill*         0x0800338c        0x4 
 .text.cmd_joy  0x08003390       0x74 C:\Users\leona\AppData\Local\Temp\ch.elf.434qFc.ltrans0.ltrans.o
 *fill*         0x08003404        0xc 
 .text.fillScreen
                0x08003410       0x2c C:\Users\leona\AppData\Local\Temp\ch.elf.434qFc.ltrans0.ltrans.o
 *fill*         0x0800343c        0x4 
 .text.parse_arguments
                0x08003440       0x58 C:\Users\leona\AppData\Local\Temp\ch.elf.434qFc.ltrans0.ltrans.o
 *fill*         0x08003498        0x8 
 .text._reads   0x080034a0       0x28 C:\Users\leona\AppData\Local\Temp\ch.elf.434qFc.ltrans0.ltrans.o
 *fill*         0x080034c8        0x8 
 .text._writes  0x080034d0       0x24 C:\Users\leona\AppData\Local\Temp\ch.elf.434qFc.ltrans0.ltrans.o
 *fill*         0x080034f4        0xc 
 .text.SVC_Handler
                0x08003500       0x14 C:\Users\leona\AppData\Local\Temp\ch.elf.434qFc.ltrans0.ltrans.o
                0x08003500                SVC_Handler
 *fill*         0x08003514        0xc 
 .text._stats_stop_measure_crit_thd
                0x08003520        0xc C:\Users\leona\AppData\Local\Temp\ch.elf.434qFc.ltrans0.ltrans.o
                0x08003520                _stats_stop_measure_crit_thd
 *fill*         0x0800352c        0x4 
 .text._stats_start_measure_crit_thd
                0x08003530        0xc C:\Users\leona\AppData\Local\Temp\ch.elf.434qFc.ltrans0.ltrans.o
                0x08003530                _stats_start_measure_crit_thd
 *fill*         0x0800353c        0x4 
 .text.chSchDoRescheduleAhead
                0x08003540       0x5c C:\Users\leona\AppData\Local\Temp\ch.elf.434qFc.ltrans0.ltrans.o
                0x08003540                chSchDoReschedule
 *fill*         0x0800359c        0x4 
 .text._dbg_check_unlock
                0x080035a0       0x20 C:\Users\leona\AppData\Local\Temp\ch.elf.434qFc.ltrans0.ltrans.o
                0x080035a0                _dbg_check_unlock
 .text._dbg_check_lock
                0x080035c0       0x20 C:\Users\leona\AppData\Local\Temp\ch.elf.434qFc.ltrans0.ltrans.o
                0x080035c0                _dbg_check_lock
 .text.i2c_lld_master_transmit_timeout.constprop.0
                0x080035e0      0x12c C:\Users\leona\AppData\Local\Temp\ch.elf.434qFc.ltrans0.ltrans.o
 *fill*         0x0800370c        0x4 
 .text.chThdCreateStatic.constprop.0
                0x08003710       0x9c C:\Users\leona\AppData\Local\Temp\ch.elf.434qFc.ltrans0.ltrans.o
 *fill*         0x080037ac        0x4 
 .text.cmd_dimmer
                0x080037b0       0x90 C:\Users\leona\AppData\Local\Temp\ch.elf.434qFc.ltrans0.ltrans.o
 .text.shellExit.constprop.0
                0x08003840       0x28 C:\Users\leona\AppData\Local\Temp\ch.elf.434qFc.ltrans0.ltrans.o
 *fill*         0x08003868        0x8 
 .text.shellThread
                0x08003870      0x240 C:\Users\leona\AppData\Local\Temp\ch.elf.434qFc.ltrans0.ltrans.o
 .text.cmd_exit
                0x08003ab0       0x18 C:\Users\leona\AppData\Local\Temp\ch.elf.434qFc.ltrans0.ltrans.o
 *fill*         0x08003ac8        0x8 
 .text.chCoreAllocFromTop
                0x08003ad0       0x4c C:\Users\leona\AppData\Local\Temp\ch.elf.434qFc.ltrans0.ltrans.o
 *fill*         0x08003b1c        0x4 
 .text.acquire_joy
                0x08003b20      0x21c C:\Users\leona\AppData\Local\Temp\ch.elf.434qFc.ltrans0.ltrans.o
 *fill*         0x08003d3c        0x4 
 .text.cmd_systime
                0x08003d40       0x4c C:\Users\leona\AppData\Local\Temp\ch.elf.434qFc.ltrans0.ltrans.o
 *fill*         0x08003d8c        0x4 
 .text.chMtxUnlock
                0x08003d90       0x88 C:\Users\leona\AppData\Local\Temp\ch.elf.434qFc.ltrans0.ltrans.o
 *fill*         0x08003e18        0x8 
 .text.chMtxLock
                0x08003e20       0xdc C:\Users\leona\AppData\Local\Temp\ch.elf.434qFc.ltrans0.ltrans.o
 *fill*         0x08003efc        0x4 
 .text.wrCmd    0x08003f00       0x9c C:\Users\leona\AppData\Local\Temp\ch.elf.434qFc.ltrans0.ltrans.o
 *fill*         0x08003f9c        0x4 
 .text.setDisplay
                0x08003fa0       0x28 C:\Users\leona\AppData\Local\Temp\ch.elf.434qFc.ltrans0.ltrans.o
 *fill*         0x08003fc8        0x8 
 .text.updateScreen
                0x08003fd0       0xbc C:\Users\leona\AppData\Local\Temp\ch.elf.434qFc.ltrans0.ltrans.o
 *fill*         0x0800408c        0x4 
 .text.cmd_mem  0x08004090       0xa0 C:\Users\leona\AppData\Local\Temp\ch.elf.434qFc.ltrans0.ltrans.o
 .text.chThdSleep
                0x08004130       0x2c C:\Users\leona\AppData\Local\Temp\ch.elf.434qFc.ltrans0.ltrans.o
 *fill*         0x0800415c        0x4 
 .text.ThJoy    0x08004160      0x108 C:\Users\leona\AppData\Local\Temp\ch.elf.434qFc.ltrans0.ltrans.o
 *fill*         0x08004268        0x8 
 .text.ThDemo   0x08004270      0x3d0 C:\Users\leona\AppData\Local\Temp\ch.elf.434qFc.ltrans0.ltrans.o
 .text.thEncoder
                0x08004640       0x94 C:\Users\leona\AppData\Local\Temp\ch.elf.434qFc.ltrans0.ltrans.o
 *fill*         0x080046d4        0xc 
 .text.OledDisplay
                0x080046e0      0x47c C:\Users\leona\AppData\Local\Temp\ch.elf.434qFc.ltrans0.ltrans.o
 *fill*         0x08004b5c        0x4 
 .text.chThdExit
                0x08004b60       0x1c C:\Users\leona\AppData\Local\Temp\ch.elf.434qFc.ltrans0.ltrans.o
                0x08004b60                chThdExit
 *fill*         0x08004b7c        0x4 
 .text.chThdRelease
                0x08004b80      0x108 C:\Users\leona\AppData\Local\Temp\ch.elf.434qFc.ltrans0.ltrans.o
 *fill*         0x08004c88        0x8 
 .text.startup.main
                0x08004c90      0x9c4 C:\Users\leona\AppData\Local\Temp\ch.elf.434qFc.ltrans0.ltrans.o
                0x08004c90                main
 *fill*         0x08005654        0xc 
 .text.cmd_threads
                0x08005660       0xf0 C:\Users\leona\AppData\Local\Temp\ch.elf.434qFc.ltrans0.ltrans.o
 .text.pwmDisableChannel
                0x08005750       0x4c C:\Users\leona\AppData\Local\Temp\ch.elf.434qFc.ltrans0.ltrans.o
 *fill*         0x0800579c        0x4 
 .text.pwmEnableChannel
                0x080057a0       0x3c C:\Users\leona\AppData\Local\Temp\ch.elf.434qFc.ltrans0.ltrans.o
 *fill*         0x080057dc        0x4 
 .text.pwmChangePeriod
                0x080057e0       0x2c C:\Users\leona\AppData\Local\Temp\ch.elf.434qFc.ltrans0.ltrans.o
 *fill*         0x0800580c        0x4 
 .text.pwmStart
                0x08005810      0x180 C:\Users\leona\AppData\Local\Temp\ch.elf.434qFc.ltrans0.ltrans.o
 .text.dimmer   0x08005990       0xa8 C:\Users\leona\AppData\Local\Temp\ch.elf.434qFc.ltrans0.ltrans.o
 *fill*         0x08005a38        0x8 
 .text.cmd_buzz
                0x08005a40       0xd4 C:\Users\leona\AppData\Local\Temp\ch.elf.434qFc.ltrans0.ltrans.o
 *fill*         0x08005b14        0xc 
 .text.cmd_led  0x08005b20      0x398 C:\Users\leona\AppData\Local\Temp\ch.elf.434qFc.ltrans0.ltrans.o
 *fill*         0x08005eb8        0x8 
 .text.oqWriteTimeout
                0x08005ec0       0xe0 C:\Users\leona\AppData\Local\Temp\ch.elf.434qFc.ltrans0.ltrans.o
 .text._writet  0x08005fa0        0x8 C:\Users\leona\AppData\Local\Temp\ch.elf.434qFc.ltrans0.ltrans.o
 *fill*         0x08005fa8        0x8 
 .text._write   0x08005fb0        0xc C:\Users\leona\AppData\Local\Temp\ch.elf.434qFc.ltrans0.ltrans.o
 *fill*         0x08005fbc        0x4 
 .text.oqPutTimeout
                0x08005fc0       0x78 C:\Users\leona\AppData\Local\Temp\ch.elf.434qFc.ltrans0.ltrans.o
 *fill*         0x08006038        0x8 
 .text._putt    0x08006040        0x8 C:\Users\leona\AppData\Local\Temp\ch.elf.434qFc.ltrans0.ltrans.o
 *fill*         0x08006048        0x8 
 .text._put.lto_priv.0
                0x08006050        0xc C:\Users\leona\AppData\Local\Temp\ch.elf.434qFc.ltrans0.ltrans.o
 *fill*         0x0800605c        0x4 
 .text.iqReadTimeout
                0x08006060       0xe0 C:\Users\leona\AppData\Local\Temp\ch.elf.434qFc.ltrans0.ltrans.o
 .text._readt   0x08006140        0x8 C:\Users\leona\AppData\Local\Temp\ch.elf.434qFc.ltrans0.ltrans.o
 *fill*         0x08006148        0x8 
 .text._read    0x08006150        0xc C:\Users\leona\AppData\Local\Temp\ch.elf.434qFc.ltrans0.ltrans.o
 *fill*         0x0800615c        0x4 
 .text.iqGetTimeout
                0x08006160       0x6c C:\Users\leona\AppData\Local\Temp\ch.elf.434qFc.ltrans0.ltrans.o
 *fill*         0x080061cc        0x4 
 .text._gett    0x080061d0        0x8 C:\Users\leona\AppData\Local\Temp\ch.elf.434qFc.ltrans0.ltrans.o
 *fill*         0x080061d8        0x8 
 .text._get.lto_priv.0
                0x080061e0        0xc C:\Users\leona\AppData\Local\Temp\ch.elf.434qFc.ltrans0.ltrans.o
 *fill*         0x080061ec        0x4 
 .text.__early_init
                0x080061f0      0x1d4 C:\Users\leona\AppData\Local\Temp\ch.elf.434qFc.ltrans0.ltrans.o
                0x080061f0                __early_init
 *fill*         0x080063c4        0xc 
 .text.VectorD8
                0x080063d0      0x22c C:\Users\leona\AppData\Local\Temp\ch.elf.434qFc.ltrans0.ltrans.o
                0x080063d0                VectorD8
 *fill*         0x080065fc        0x4 
 .text.Vector108
                0x08006600       0x20 C:\Users\leona\AppData\Local\Temp\ch.elf.434qFc.ltrans0.ltrans.o
                0x08006600                Vector108
 .text.VectorB4
                0x08006620       0x20 C:\Users\leona\AppData\Local\Temp\ch.elf.434qFc.ltrans0.ltrans.o
                0x08006620                VectorB4
 .text.VectorB8
                0x08006640       0xa8 C:\Users\leona\AppData\Local\Temp\ch.elf.434qFc.ltrans0.ltrans.o
                0x08006640                VectorB8
 *fill*         0x080066e8        0x8 
 .text.VectorB0
                0x080066f0       0xec C:\Users\leona\AppData\Local\Temp\ch.elf.434qFc.ltrans0.ltrans.o
                0x080066f0                VectorB0
 *fill*         0x080067dc        0x4 
 .text.VectorC0
                0x080067e0      0x104 C:\Users\leona\AppData\Local\Temp\ch.elf.434qFc.ltrans0.ltrans.o
                0x080067e0                VectorC0
 *fill*         0x080068e4        0xc 
 .text.VectorBC
                0x080068f0      0x13c C:\Users\leona\AppData\Local\Temp\ch.elf.434qFc.ltrans0.ltrans.o
                0x080068f0                VectorBC
 *fill*         0x08006a2c        0x4 
 .text.Vector158
                0x08006a30       0x38 C:\Users\leona\AppData\Local\Temp\ch.elf.434qFc.ltrans0.ltrans.o
                0x08006a30                Vector158
 *fill*         0x08006a68        0x8 
 .text.Vector154
                0x08006a70       0x38 C:\Users\leona\AppData\Local\Temp\ch.elf.434qFc.ltrans0.ltrans.o
                0x08006a70                Vector154
 *fill*         0x08006aa8        0x8 
 .text.Vector150
                0x08006ab0       0x38 C:\Users\leona\AppData\Local\Temp\ch.elf.434qFc.ltrans0.ltrans.o
                0x08006ab0                Vector150
 *fill*         0x08006ae8        0x8 
 .text.Vector130
                0x08006af0       0x34 C:\Users\leona\AppData\Local\Temp\ch.elf.434qFc.ltrans0.ltrans.o
                0x08006af0                Vector130
 *fill*         0x08006b24        0xc 
 .text.Vector12C
                0x08006b30       0x38 C:\Users\leona\AppData\Local\Temp\ch.elf.434qFc.ltrans0.ltrans.o
                0x08006b30                Vector12C
 *fill*         0x08006b68        0x8 
 .text.Vector128
                0x08006b70       0x38 C:\Users\leona\AppData\Local\Temp\ch.elf.434qFc.ltrans0.ltrans.o
                0x08006b70                Vector128
 *fill*         0x08006ba8        0x8 
 .text.Vector124
                0x08006bb0       0x38 C:\Users\leona\AppData\Local\Temp\ch.elf.434qFc.ltrans0.ltrans.o
                0x08006bb0                Vector124
 *fill*         0x08006be8        0x8 
 .text.Vector120
                0x08006bf0       0x34 C:\Users\leona\AppData\Local\Temp\ch.elf.434qFc.ltrans0.ltrans.o
                0x08006bf0                Vector120
 *fill*         0x08006c24        0xc 
 .text.VectorFC
                0x08006c30       0x38 C:\Users\leona\AppData\Local\Temp\ch.elf.434qFc.ltrans0.ltrans.o
                0x08006c30                VectorFC
 *fill*         0x08006c68        0x8 
 .text.Vector84
                0x08006c70       0x38 C:\Users\leona\AppData\Local\Temp\ch.elf.434qFc.ltrans0.ltrans.o
                0x08006c70                Vector84
 *fill*         0x08006ca8        0x8 
 .text.Vector80
                0x08006cb0       0x38 C:\Users\leona\AppData\Local\Temp\ch.elf.434qFc.ltrans0.ltrans.o
                0x08006cb0                Vector80
 *fill*         0x08006ce8        0x8 
 .text.Vector7C
                0x08006cf0       0x34 C:\Users\leona\AppData\Local\Temp\ch.elf.434qFc.ltrans0.ltrans.o
                0x08006cf0                Vector7C
 *fill*         0x08006d24        0xc 
 .text.Vector78
                0x08006d30       0x38 C:\Users\leona\AppData\Local\Temp\ch.elf.434qFc.ltrans0.ltrans.o
                0x08006d30                Vector78
 *fill*         0x08006d68        0x8 
 .text.Vector74
                0x08006d70       0x38 C:\Users\leona\AppData\Local\Temp\ch.elf.434qFc.ltrans0.ltrans.o
                0x08006d70                Vector74
 *fill*         0x08006da8        0x8 
 .text.Vector70
                0x08006db0       0x38 C:\Users\leona\AppData\Local\Temp\ch.elf.434qFc.ltrans0.ltrans.o
                0x08006db0                Vector70
 *fill*         0x08006de8        0x8 
 .text.Vector6C
                0x08006df0       0x34 C:\Users\leona\AppData\Local\Temp\ch.elf.434qFc.ltrans0.ltrans.o
                0x08006df0                Vector6C
 *fill*         0x08006e24        0xc 
 .text.Vector88
                0x08006e30       0xe4 C:\Users\leona\AppData\Local\Temp\ch.elf.434qFc.ltrans0.ltrans.o
                0x08006e30                Vector88
 *fill*         0x08006f14        0xc 
 .text.__init_ram_areas
                0x08006f20       0x68 C:\Users\leona\AppData\Local\Temp\ch.elf.434qFc.ltrans0.ltrans.o
                0x08006f20                __init_ram_areas
 *fill*         0x08006f88        0x8 
 .text.__default_exit
                0x08006f90        0x4 C:\Users\leona\AppData\Local\Temp\ch.elf.434qFc.ltrans0.ltrans.o
                0x08006f90                __default_exit
 *fill*         0x08006f94        0xc 
 .text.__late_init
                0x08006fa0        0x4 C:\Users\leona\AppData\Local\Temp\ch.elf.434qFc.ltrans0.ltrans.o
                0x08006fa0                __late_init
 *fill*         0x08006fa4        0xc 
 .text.__core_init
                0x08006fb0        0x4 C:\Users\leona\AppData\Local\Temp\ch.elf.434qFc.ltrans0.ltrans.o
                0x08006fb0                __core_init
 *fill*         0x08006fb4        0x4 
 .text.atan     0x08006fb8      0x354 c:/chibistudio/tools/gnu tools arm embedded/9.0 2019q4/bin/../lib/gcc/arm-none-eabi/9.2.1/../../../../arm-none-eabi/lib/thumb/v7e-m/nofp\libm.a(lib_a-s_atan.o)
                0x08006fb8                atan
 .text.fabs     0x0800730c        0x8 c:/chibistudio/tools/gnu tools arm embedded/9.0 2019q4/bin/../lib/gcc/arm-none-eabi/9.2.1/../../../../arm-none-eabi/lib/thumb/v7e-m/nofp\libm.a(lib_a-s_fabs.o)
                0x0800730c                fabs
 .text.sqrt     0x08007314       0xc0 c:/chibistudio/tools/gnu tools arm embedded/9.0 2019q4/bin/../lib/gcc/arm-none-eabi/9.2.1/../../../../arm-none-eabi/lib/thumb/v7e-m/nofp\libm.a(lib_a-w_sqrt.o)
                0x08007314                sqrt
 .text.__ieee754_sqrt
                0x080073d4      0x188 c:/chibistudio/tools/gnu tools arm embedded/9.0 2019q4/bin/../lib/gcc/arm-none-eabi/9.2.1/../../../../arm-none-eabi/lib/thumb/v7e-m/nofp\libm.a(lib_a-e_sqrt.o)
                0x080073d4                __ieee754_sqrt
 .text.matherr  0x0800755c        0x4 c:/chibistudio/tools/gnu tools arm embedded/9.0 2019q4/bin/../lib/gcc/arm-none-eabi/9.2.1/../../../../arm-none-eabi/lib/thumb/v7e-m/nofp\libm.a(lib_a-s_matherr.o)
                0x0800755c                matherr
 .text.atoi     0x08007560        0x8 c:/chibistudio/tools/gnu tools arm embedded/9.0 2019q4/bin/../lib/gcc/arm-none-eabi/9.2.1/../../../../arm-none-eabi/lib/thumb/v7e-m/nofp\libg.a(lib_a-atoi.o)
                0x08007560                atoi
 .text.__errno  0x08007568        0xc c:/chibistudio/tools/gnu tools arm embedded/9.0 2019q4/bin/../lib/gcc/arm-none-eabi/9.2.1/../../../../arm-none-eabi/lib/thumb/v7e-m/nofp\libg.a(lib_a-errno.o)
                0x08007568                __errno
 .text._strtol_l.isra.0
                0x08007574      0x10c c:/chibistudio/tools/gnu tools arm embedded/9.0 2019q4/bin/../lib/gcc/arm-none-eabi/9.2.1/../../../../arm-none-eabi/lib/thumb/v7e-m/nofp\libg.a(lib_a-strtol.o)
 .text.strtol   0x08007680       0x18 c:/chibistudio/tools/gnu tools arm embedded/9.0 2019q4/bin/../lib/gcc/arm-none-eabi/9.2.1/../../../../arm-none-eabi/lib/thumb/v7e-m/nofp\libg.a(lib_a-strtol.o)
                0x08007680                strtol
 .text.memset   0x08007698       0xa0 c:/chibistudio/tools/gnu tools arm embedded/9.0 2019q4/bin/../lib/gcc/arm-none-eabi/9.2.1/../../../../arm-none-eabi/lib/thumb/v7e-m/nofp\libg.a(lib_a-memset.o)
                0x08007698                memset
 .text.strchr   0x08007738       0xd0 c:/chibistudio/tools/gnu tools arm embedded/9.0 2019q4/bin/../lib/gcc/arm-none-eabi/9.2.1/../../../../arm-none-eabi/lib/thumb/v7e-m/nofp\libg.a(lib_a-strchr.o)
                0x08007738                strchr
 .text.strpbrk  0x08007808       0x38 c:/chibistudio/tools/gnu tools arm embedded/9.0 2019q4/bin/../lib/gcc/arm-none-eabi/9.2.1/../../../../arm-none-eabi/lib/thumb/v7e-m/nofp\libg.a(lib_a-strpbrk.o)
                0x08007808                strpbrk
 .text.strspn   0x08007840       0x30 c:/chibistudio/tools/gnu tools arm embedded/9.0 2019q4/bin/../lib/gcc/arm-none-eabi/9.2.1/../../../../arm-none-eabi/lib/thumb/v7e-m/nofp\libg.a(lib_a-strspn.o)
                0x08007840                strspn
 *(.glue_7t)
 .glue_7t       0x08007870        0x0 linker stubs
 *(.glue_7)
 .glue_7        0x08007870        0x0 linker stubs
 *(.gcc*)
                0x08007870                __text_end__ = .

.vfp11_veneer   0x08007870        0x0
 .vfp11_veneer  0x08007870        0x0 linker stubs

.v4_bx          0x08007870        0x0
 .v4_bx         0x08007870        0x0 linker stubs

.iplt           0x08007870        0x0
 .iplt          0x08007870        0x0 ./build/obj/crt0_v7m.o

.rodata         0x08007870     0x2124
                0x08007870                __rodata_base__ = .
 *(.rodata)
 .rodata        0x08007870       0x1c C:\Users\leona\AppData\Local\Temp\ch.elf.434qFc.ltrans0.ltrans.o
 *(.rodata.*)
 .rodata.chvprintf.str1.4
                0x0800788c        0x7 C:\Users\leona\AppData\Local\Temp\ch.elf.434qFc.ltrans0.ltrans.o
 *fill*         0x08007893        0x1 
 .rodata.chDbgCheckClassS.str1.4
                0x08007894        0x6 C:\Users\leona\AppData\Local\Temp\ch.elf.434qFc.ltrans0.ltrans.o
 *fill*         0x0800789a        0x2 
 .rodata.chDbgCheckClassI.str1.4
                0x0800789c        0x6 C:\Users\leona\AppData\Local\Temp\ch.elf.434qFc.ltrans0.ltrans.o
 *fill*         0x080078a2        0x2 
 .rodata._dbg_check_leave_isr.str1.4
                0x080078a4        0x5 C:\Users\leona\AppData\Local\Temp\ch.elf.434qFc.ltrans0.ltrans.o
 *fill*         0x080078a9        0x3 
 .rodata._dbg_check_enter_isr.str1.4
                0x080078ac        0x5 C:\Users\leona\AppData\Local\Temp\ch.elf.434qFc.ltrans0.ltrans.o
 *fill*         0x080078b1        0x3 
 .rodata._dbg_check_unlock_from_isr.str1.4
                0x080078b4        0x5 C:\Users\leona\AppData\Local\Temp\ch.elf.434qFc.ltrans0.ltrans.o
 *fill*         0x080078b9        0x3 
 .rodata._dbg_check_lock_from_isr.str1.4
                0x080078bc        0x5 C:\Users\leona\AppData\Local\Temp\ch.elf.434qFc.ltrans0.ltrans.o
 *fill*         0x080078c1        0x3 
 .rodata.i2c_lld_serve_tx_end_irq.str1.4
                0x080078c4        0xc C:\Users\leona\AppData\Local\Temp\ch.elf.434qFc.ltrans0.ltrans.o
 .rodata.cmd_demo.str1.4
                0x080078d0        0xe C:\Users\leona\AppData\Local\Temp\ch.elf.434qFc.ltrans0.ltrans.o
 *fill*         0x080078de        0x2 
 .rodata.cmd_echo.str1.4
                0x080078e0       0x21 C:\Users\leona\AppData\Local\Temp\ch.elf.434qFc.ltrans0.ltrans.o
 *fill*         0x08007901        0x3 
 .rodata.cmd_info.str1.4
                0x08007904      0x195 C:\Users\leona\AppData\Local\Temp\ch.elf.434qFc.ltrans0.ltrans.o
 *fill*         0x08007a99        0x3 
 .rodata.cmd_oled.str1.4
                0x08007a9c       0x20 C:\Users\leona\AppData\Local\Temp\ch.elf.434qFc.ltrans0.ltrans.o
 .rodata.cmd_joy.str1.4
                0x08007abc       0x24 C:\Users\leona\AppData\Local\Temp\ch.elf.434qFc.ltrans0.ltrans.o
 .rodata.parse_arguments.str1.4
                0x08007ae0        0x3 C:\Users\leona\AppData\Local\Temp\ch.elf.434qFc.ltrans0.ltrans.o
 *fill*         0x08007ae3        0x1 
 .rodata._dbg_check_unlock.str1.4
                0x08007ae4        0x5 C:\Users\leona\AppData\Local\Temp\ch.elf.434qFc.ltrans0.ltrans.o
 *fill*         0x08007ae9        0x3 
 .rodata._dbg_check_lock.str1.4
                0x08007aec        0x5 C:\Users\leona\AppData\Local\Temp\ch.elf.434qFc.ltrans0.ltrans.o
 *fill*         0x08007af1        0x3 
 .rodata.chThdCreateStatic.constprop.0.str1.4
                0x08007af4        0x7 C:\Users\leona\AppData\Local\Temp\ch.elf.434qFc.ltrans0.ltrans.o
 *fill*         0x08007afb        0x1 
 .rodata.cmd_dimmer.str1.4
                0x08007afc       0x3e C:\Users\leona\AppData\Local\Temp\ch.elf.434qFc.ltrans0.ltrans.o
 *fill*         0x08007b3a        0x2 
 .rodata.shellThread.str1.4
                0x08007b3c       0x75 C:\Users\leona\AppData\Local\Temp\ch.elf.434qFc.ltrans0.ltrans.o
                                 0x79 (size before relaxing)
 *fill*         0x08007bb1        0x3 
 .rodata.cmd_systime.str1.4
                0x08007bb4        0xe C:\Users\leona\AppData\Local\Temp\ch.elf.434qFc.ltrans0.ltrans.o
 *fill*         0x08007bc2        0x2 
 .rodata.cmd_mem.str1.4
                0x08007bc4       0x7a C:\Users\leona\AppData\Local\Temp\ch.elf.434qFc.ltrans0.ltrans.o
 *fill*         0x08007c3e        0x2 
 .rodata.ThJoy.str1.4
                0x08007c40       0x8a C:\Users\leona\AppData\Local\Temp\ch.elf.434qFc.ltrans0.ltrans.o
 *fill*         0x08007cca        0x2 
 .rodata.ThDemo.str1.4
                0x08007ccc       0x5a C:\Users\leona\AppData\Local\Temp\ch.elf.434qFc.ltrans0.ltrans.o
 *fill*         0x08007d26        0x2 
 .rodata.thEncoder.str1.4
                0x08007d28        0x8 C:\Users\leona\AppData\Local\Temp\ch.elf.434qFc.ltrans0.ltrans.o
 .rodata.OledDisplay.str1.4
                0x08007d30      0x136 C:\Users\leona\AppData\Local\Temp\ch.elf.434qFc.ltrans0.ltrans.o
 *fill*         0x08007e66        0x2 
 .rodata.main.str1.4
                0x08007e68       0x33 C:\Users\leona\AppData\Local\Temp\ch.elf.434qFc.ltrans0.ltrans.o
 *fill*         0x08007e9b        0x1 
 .rodata.cmd_threads.str1.4
                0x08007e9c       0x6f C:\Users\leona\AppData\Local\Temp\ch.elf.434qFc.ltrans0.ltrans.o
                                 0x73 (size before relaxing)
 *fill*         0x08007f0b        0x1 
 .rodata.dimmer.str1.4
                0x08007f0c        0x7 C:\Users\leona\AppData\Local\Temp\ch.elf.434qFc.ltrans0.ltrans.o
 *fill*         0x08007f13        0x1 
 .rodata.cmd_buzz.str1.4
                0x08007f14       0x40 C:\Users\leona\AppData\Local\Temp\ch.elf.434qFc.ltrans0.ltrans.o
 .rodata.cmd_led.str1.4
                0x08007f54       0x54 C:\Users\leona\AppData\Local\Temp\ch.elf.434qFc.ltrans0.ltrans.o
 .rodata.str1.4
                0x08007fa8       0xb9 C:\Users\leona\AppData\Local\Temp\ch.elf.434qFc.ltrans0.ltrans.o
 *fill*         0x08008061        0x3 
 .rodata.FONT_11x18_DATA
                0x08008064      0xd5c C:\Users\leona\AppData\Local\Temp\ch.elf.434qFc.ltrans0.ltrans.o
 .rodata.FONT_7x10_DATA
                0x08008dc0      0x76c C:\Users\leona\AppData\Local\Temp\ch.elf.434qFc.ltrans0.ltrans.o
 .rodata._stm32_dma_streams
                0x0800952c       0xc0 C:\Users\leona\AppData\Local\Temp\ch.elf.434qFc.ltrans0.ltrans.o
 .rodata.adcgrpcfg
                0x080095ec       0x2c C:\Users\leona\AppData\Local\Temp\ch.elf.434qFc.ltrans0.ltrans.o
 .rodata.ch_debug
                0x08009618       0x16 C:\Users\leona\AppData\Local\Temp\ch.elf.434qFc.ltrans0.ltrans.o
 *fill*         0x0800962e        0x2 
 .rodata.commands
                0x08009630       0x38 C:\Users\leona\AppData\Local\Temp\ch.elf.434qFc.ltrans0.ltrans.o
 .rodata.i2ccfg
                0x08009668        0xc C:\Users\leona\AppData\Local\Temp\ch.elf.434qFc.ltrans0.ltrans.o
 .rodata.idle_descriptor.7095
                0x08009674       0x18 C:\Users\leona\AppData\Local\Temp\ch.elf.434qFc.ltrans0.ltrans.o
 .rodata.pow10  0x0800968c       0x24 C:\Users\leona\AppData\Local\Temp\ch.elf.434qFc.ltrans0.ltrans.o
 .rodata.ram_areas
                0x080096b0       0x80 C:\Users\leona\AppData\Local\Temp\ch.elf.434qFc.ltrans0.ltrans.o
 .rodata.shell_cfg1
                0x08009730        0x8 C:\Users\leona\AppData\Local\Temp\ch.elf.434qFc.ltrans0.ltrans.o
 .rodata.shell_local_commands
                0x08009738       0x38 C:\Users\leona\AppData\Local\Temp\ch.elf.434qFc.ltrans0.ltrans.o
 .rodata.ssd1306_font_11x18
                0x08009770        0x8 C:\Users\leona\AppData\Local\Temp\ch.elf.434qFc.ltrans0.ltrans.o
 .rodata.ssd1306_font_7x10
                0x08009778        0x8 C:\Users\leona\AppData\Local\Temp\ch.elf.434qFc.ltrans0.ltrans.o
 .rodata.ssd1306cfg
                0x08009780        0xc C:\Users\leona\AppData\Local\Temp\ch.elf.434qFc.ltrans0.ltrans.o
 .rodata.states.8736
                0x0800978c       0x40 C:\Users\leona\AppData\Local\Temp\ch.elf.434qFc.ltrans0.ltrans.o
 .rodata.vmt.lto_priv.0
                0x080097cc       0x28 C:\Users\leona\AppData\Local\Temp\ch.elf.434qFc.ltrans0.ltrans.o
 .rodata.vmt.lto_priv.1
                0x080097f4       0x14 C:\Users\leona\AppData\Local\Temp\ch.elf.434qFc.ltrans0.ltrans.o
 .rodata.vmt_ssd1306
                0x08009808       0x3c C:\Users\leona\AppData\Local\Temp\ch.elf.434qFc.ltrans0.ltrans.o
 *fill*         0x08009844        0x4 
 .rodata.atanhi
                0x08009848       0x20 c:/chibistudio/tools/gnu tools arm embedded/9.0 2019q4/bin/../lib/gcc/arm-none-eabi/9.2.1/../../../../arm-none-eabi/lib/thumb/v7e-m/nofp\libm.a(lib_a-s_atan.o)
 .rodata.atanlo
                0x08009868       0x20 c:/chibistudio/tools/gnu tools arm embedded/9.0 2019q4/bin/../lib/gcc/arm-none-eabi/9.2.1/../../../../arm-none-eabi/lib/thumb/v7e-m/nofp\libm.a(lib_a-s_atan.o)
 .rodata.sqrt.str1.4
                0x08009888        0x5 c:/chibistudio/tools/gnu tools arm embedded/9.0 2019q4/bin/../lib/gcc/arm-none-eabi/9.2.1/../../../../arm-none-eabi/lib/thumb/v7e-m/nofp\libm.a(lib_a-w_sqrt.o)
 *fill*         0x0800988d        0x3 
 .rodata._ctype_
                0x08009890      0x101 c:/chibistudio/tools/gnu tools arm embedded/9.0 2019q4/bin/../lib/gcc/arm-none-eabi/9.2.1/../../../../arm-none-eabi/lib/thumb/v7e-m/nofp\libg.a(lib_a-ctype_.o)
                0x08009890                _ctype_
                0x08009994                . = ALIGN (0x4)
 *fill*         0x08009991        0x3 
                0x08009994                __rodata_end__ = .

.rel.dyn        0x08009994        0x0
 .rel.iplt      0x08009994        0x0 ./build/obj/crt0_v7m.o

.ARM.extab
 *(.ARM.extab* .gnu.linkonce.armextab.*)

.ARM.exidx      0x08009994        0x0
                0x08009994                __exidx_base__ = .
                0x08009994                __exidx_start = .
 *(.ARM.exidx* .gnu.linkonce.armexidx.*)
                0x08009994                __exidx_end__ = .
                0x08009994                __exidx_end = .

.eh_frame_hdr
 *(.eh_frame_hdr)

.eh_frame
 *(.eh_frame)

.data           0x20000800      0x4a0 load address 0x08009994
                [!provide]                PROVIDE (_textdata = LOADADDR (.data))
                [!provide]                PROVIDE (_data = .)
                0x08009994                __textdata_base__ = LOADADDR (.data)
                0x20000800                __data_base__ = .
 *(.data)
 *(.data.*)
 .data.RGBCOLOR
                0x20000800        0x4 C:\Users\leona\AppData\Local\Temp\ch.elf.434qFc.ltrans0.ltrans.o
 .data.buzzpwmcfg
                0x20000804       0x34 C:\Users\leona\AppData\Local\Temp\ch.elf.434qFc.ltrans0.ltrans.o
 .data.pwmcfg   0x20000838       0x34 C:\Users\leona\AppData\Local\Temp\ch.elf.434qFc.ltrans0.ltrans.o
 .data.__fdlib_version
                0x2000086c        0x1 c:/chibistudio/tools/gnu tools arm embedded/9.0 2019q4/bin/../lib/gcc/arm-none-eabi/9.2.1/../../../../arm-none-eabi/lib/thumb/v7e-m/nofp\libm.a(lib_a-s_lib_ver.o)
                0x2000086c                __fdlib_version
 *fill*         0x2000086d        0x3 
 .data._impure_ptr
                0x20000870        0x4 c:/chibistudio/tools/gnu tools arm embedded/9.0 2019q4/bin/../lib/gcc/arm-none-eabi/9.2.1/../../../../arm-none-eabi/lib/thumb/v7e-m/nofp\libg.a(lib_a-impure.o)
                0x20000870                _impure_ptr
 *fill*         0x20000874        0x4 
 .data.impure_data
                0x20000878      0x428 c:/chibistudio/tools/gnu tools arm embedded/9.0 2019q4/bin/../lib/gcc/arm-none-eabi/9.2.1/../../../../arm-none-eabi/lib/thumb/v7e-m/nofp\libg.a(lib_a-impure.o)
 *(.ramtext)
                0x20000ca0                . = ALIGN (0x4)
                [!provide]                PROVIDE (_edata = .)
                0x20000ca0                __data_end__ = .

.igot.plt       0x20000ca0        0x0 load address 0x08009e34
 .igot.plt      0x20000ca0        0x0 ./build/obj/crt0_v7m.o

.bss            0x20000ca0     0x1140 load address 0x08009e34
                0x20000ca0                __bss_base__ = .
 *(.bss)
 *(.bss.*)
 .bss.ADCD1     0x20000ca0       0x34 C:\Users\leona\AppData\Local\Temp\ch.elf.434qFc.ltrans0.ltrans.o
 .bss.I2CD1     0x20000cd4       0x38 C:\Users\leona\AppData\Local\Temp\ch.elf.434qFc.ltrans0.ltrans.o
 .bss.ICUD4     0x20000d0c       0x18 C:\Users\leona\AppData\Local\Temp\ch.elf.434qFc.ltrans0.ltrans.o
 .bss.PWMD3     0x20000d24       0x1c C:\Users\leona\AppData\Local\Temp\ch.elf.434qFc.ltrans0.ltrans.o
 .bss.PWMD5     0x20000d40       0x1c C:\Users\leona\AppData\Local\Temp\ch.elf.434qFc.ltrans0.ltrans.o
 .bss.SD2       0x20000d5c       0x7c C:\Users\leona\AppData\Local\Temp\ch.elf.434qFc.ltrans0.ltrans.o
 .bss.SSD1306D1
                0x20000dd8      0x418 C:\Users\leona\AppData\Local\Temp\ch.elf.434qFc.ltrans0.ltrans.o
 .bss.blue_led  0x200011f0        0x4 C:\Users\leona\AppData\Local\Temp\ch.elf.434qFc.ltrans0.ltrans.o
 .bss.blue_percentage
                0x200011f4        0x4 C:\Users\leona\AppData\Local\Temp\ch.elf.434qFc.ltrans0.ltrans.o
 .bss.buff      0x200011f8       0x14 C:\Users\leona\AppData\Local\Temp\ch.elf.434qFc.ltrans0.ltrans.o
 .bss.cartesian
                0x2000120c        0x4 C:\Users\leona\AppData\Local\Temp\ch.elf.434qFc.ltrans0.ltrans.o
 .bss.cartesian_x
                0x20001210        0x4 C:\Users\leona\AppData\Local\Temp\ch.elf.434qFc.ltrans0.ltrans.o
 .bss.cartesian_y
                0x20001214        0x4 C:\Users\leona\AppData\Local\Temp\ch.elf.434qFc.ltrans0.ltrans.o
 .bss.ch        0x20001218       0xd8 C:\Users\leona\AppData\Local\Temp\ch.elf.434qFc.ltrans0.ltrans.o
 .bss.ch_factory
                0x200012f0       0x48 C:\Users\leona\AppData\Local\Temp\ch.elf.434qFc.ltrans0.ltrans.o
 .bss.ch_idle_thread_wa
                0x20001338       0xf8 C:\Users\leona\AppData\Local\Temp\ch.elf.434qFc.ltrans0.ltrans.o
 .bss.ch_memcore
                0x20001430        0x8 C:\Users\leona\AppData\Local\Temp\ch.elf.434qFc.ltrans0.ltrans.o
 .bss.counter   0x20001438        0x4 C:\Users\leona\AppData\Local\Temp\ch.elf.434qFc.ltrans0.ltrans.o
 .bss.default_heap
                0x2000143c       0x1c C:\Users\leona\AppData\Local\Temp\ch.elf.434qFc.ltrans0.ltrans.o
 .bss.degrees   0x20001458        0x4 C:\Users\leona\AppData\Local\Temp\ch.elf.434qFc.ltrans0.ltrans.o
 .bss.demo_flag
                0x2000145c        0x4 C:\Users\leona\AppData\Local\Temp\ch.elf.434qFc.ltrans0.ltrans.o
 .bss.dma       0x20001460       0x84 C:\Users\leona\AppData\Local\Temp\ch.elf.434qFc.ltrans0.ltrans.o
 .bss.green_led
                0x200014e4        0x4 C:\Users\leona\AppData\Local\Temp\ch.elf.434qFc.ltrans0.ltrans.o
 .bss.green_percentage
                0x200014e8        0x4 C:\Users\leona\AppData\Local\Temp\ch.elf.434qFc.ltrans0.ltrans.o
 .bss.joy_flag  0x200014ec        0x4 C:\Users\leona\AppData\Local\Temp\ch.elf.434qFc.ltrans0.ltrans.o
 .bss.ledPeriod
                0x200014f0        0x4 C:\Users\leona\AppData\Local\Temp\ch.elf.434qFc.ltrans0.ltrans.o
 .bss.oled_flag
                0x200014f4        0x4 C:\Users\leona\AppData\Local\Temp\ch.elf.434qFc.ltrans0.ltrans.o
 .bss.oled_flag_led
                0x200014f8        0x4 C:\Users\leona\AppData\Local\Temp\ch.elf.434qFc.ltrans0.ltrans.o
 .bss.polar_rho
                0x200014fc        0x4 C:\Users\leona\AppData\Local\Temp\ch.elf.434qFc.ltrans0.ltrans.o
 .bss.polar_theta
                0x20001500        0x4 C:\Users\leona\AppData\Local\Temp\ch.elf.434qFc.ltrans0.ltrans.o
 .bss.red_led   0x20001504        0x4 C:\Users\leona\AppData\Local\Temp\ch.elf.434qFc.ltrans0.ltrans.o
 .bss.red_percentage
                0x20001508        0x4 C:\Users\leona\AppData\Local\Temp\ch.elf.434qFc.ltrans0.ltrans.o
 .bss.samples   0x2000150c       0x40 C:\Users\leona\AppData\Local\Temp\ch.elf.434qFc.ltrans0.ltrans.o
 .bss.shell_terminated
                0x2000154c        0x4 C:\Users\leona\AppData\Local\Temp\ch.elf.434qFc.ltrans0.ltrans.o
 .bss.stream    0x20001550        0x4 C:\Users\leona\AppData\Local\Temp\ch.elf.434qFc.ltrans0.ltrans.o
 *fill*         0x20001554        0x4 
 .bss.waDemo    0x20001558      0x168 C:\Users\leona\AppData\Local\Temp\ch.elf.434qFc.ltrans0.ltrans.o
 .bss.waEncoder
                0x200016c0      0x168 C:\Users\leona\AppData\Local\Temp\ch.elf.434qFc.ltrans0.ltrans.o
 .bss.waJoy     0x20001828      0x168 C:\Users\leona\AppData\Local\Temp\ch.elf.434qFc.ltrans0.ltrans.o
 .bss.waOledDisplay
                0x20001990      0x2e8 C:\Users\leona\AppData\Local\Temp\ch.elf.434qFc.ltrans0.ltrans.o
 .bss.wadimmer  0x20001c78      0x168 C:\Users\leona\AppData\Local\Temp\ch.elf.434qFc.ltrans0.ltrans.o
 *(COMMON)
                0x20001de0                . = ALIGN (0x4)
                0x20001de0                __bss_end__ = .
                [!provide]                PROVIDE (end = .)
                0x20000000                __ram0_base__ = ORIGIN (ram0)
                0x00018000                __ram0_size__ = LENGTH (ram0)
                0x20018000                __ram0_end__ = (__ram0_base__ + __ram0_size__)
                0x00000000                __ram1_base__ = ORIGIN (ram1)
                0x00000000                __ram1_size__ = LENGTH (ram1)
                0x00000000                __ram1_end__ = (__ram1_base__ + __ram1_size__)
                0x00000000                __ram2_base__ = ORIGIN (ram2)
                0x00000000                __ram2_size__ = LENGTH (ram2)
                0x00000000                __ram2_end__ = (__ram2_base__ + __ram2_size__)
                0x00000000                __ram3_base__ = ORIGIN (ram3)
                0x00000000                __ram3_size__ = LENGTH (ram3)
                0x00000000                __ram3_end__ = (__ram3_base__ + __ram3_size__)
                0x00000000                __ram4_base__ = ORIGIN (ram4)
                0x00000000                __ram4_size__ = LENGTH (ram4)
                0x00000000                __ram4_end__ = (__ram4_base__ + __ram4_size__)
                0x00000000                __ram5_base__ = ORIGIN (ram5)
                0x00000000                __ram5_size__ = LENGTH (ram5)
                0x00000000                __ram5_end__ = (__ram5_base__ + __ram5_size__)
                0x00000000                __ram6_base__ = ORIGIN (ram6)
                0x00000000                __ram6_size__ = LENGTH (ram6)
                0x00000000                __ram6_end__ = (__ram6_base__ + __ram6_size__)
                0x00000000                __ram7_base__ = ORIGIN (ram7)
                0x00000000                __ram7_size__ = LENGTH (ram7)
                0x00000000                __ram7_end__ = (__ram7_base__ + __ram7_size__)
                0x08000000                __flash0_base__ = ORIGIN (flash0)
                0x00080000                __flash0_size__ = LENGTH (flash0)
                0x08080000                __flash0_end__ = (__flash0_base__ + __flash0_size__)
                0x00000000                __flash1_base__ = ORIGIN (flash1)
                0x00000000                __flash1_size__ = LENGTH (flash1)
                0x00000000                __flash1_end__ = (__flash1_base__ + __flash1_size__)
                0x00000000                __flash2_base__ = ORIGIN (flash2)
                0x00000000                __flash2_size__ = LENGTH (flash2)
                0x00000000                __flash2_end__ = (__flash2_base__ + __flash2_size__)
                0x00000000                __flash3_base__ = ORIGIN (flash3)
                0x00000000                __flash3_size__ = LENGTH (flash3)
                0x00000000                __flash3_end__ = (__flash3_base__ + __flash3_size__)
                0x00000000                __flash4_base__ = ORIGIN (flash4)
                0x00000000                __flash4_size__ = LENGTH (flash4)
                0x00000000                __flash4_end__ = (__flash4_base__ + __flash4_size__)
                0x00000000                __flash5_base__ = ORIGIN (flash5)
                0x00000000                __flash5_size__ = LENGTH (flash5)
                0x00000000                __flash5_end__ = (__flash5_base__ + __flash5_size__)
                0x00000000                __flash6_base__ = ORIGIN (flash6)
                0x00000000                __flash6_size__ = LENGTH (flash6)
                0x00000000                __flash6_end__ = (__flash6_base__ + __flash6_size__)
                0x00000000                __flash7_base__ = ORIGIN (flash7)
                0x00000000                __flash7_size__ = LENGTH (flash7)
                0x00000000                __flash7_end__ = (__flash7_base__ + __flash7_size__)

.ram0_init      0x20001de0        0x0 load address 0x08009e34
                0x08009e34                __ram0_init_text__ = LOADADDR (.ram0_init)
                0x20001de0                __ram0_init__ = .
 *(.ram0_init)
 *(.ram0_init.*)
                0x20001de0                . = ALIGN (0x4)

.ram0           0x20001de0        0x0 load address 0x08009e34
                0x20001de0                __ram0_clear__ = .
 *(.ram0_clear)
 *(.ram0_clear.*)
                0x20001de0                . = ALIGN (0x4)
                0x20001de0                __ram0_noinit__ = .
 *(.ram0)
 *(.ram0.*)
                0x20001de0                . = ALIGN (0x4)
                0x20001de0                __ram0_free__ = .

.ram1_init      0x00000000        0x0 load address 0x08009e34
                0x08009e34                __ram1_init_text__ = LOADADDR (.ram1_init)
                0x00000000                __ram1_init__ = .
 *(.ram1_init)
 *(.ram1_init.*)
                0x00000000                . = ALIGN (0x4)

.ram1           0x00000000        0x0 load address 0x08009e34
                0x00000000                __ram1_clear__ = .
 *(.ram1_clear)
 *(.ram1_clear.*)
                0x00000000                . = ALIGN (0x4)
                0x00000000                __ram1_noinit__ = .
 *(.ram1)
 *(.ram1.*)
                0x00000000                . = ALIGN (0x4)
                0x00000000                __ram1_free__ = .

.ram2_init      0x00000000        0x0 load address 0x08009e34
                0x08009e34                __ram2_init_text__ = LOADADDR (.ram2_init)
                0x00000000                __ram2_init__ = .
 *(.ram2_init)
 *(.ram2_init.*)
                0x00000000                . = ALIGN (0x4)

.ram2           0x00000000        0x0 load address 0x08009e34
                0x00000000                __ram2_clear__ = .
 *(.ram2_clear)
 *(.ram2_clear.*)
                0x00000000                . = ALIGN (0x4)
                0x00000000                __ram2_noinit__ = .
 *(.ram2)
 *(.ram2.*)
                0x00000000                . = ALIGN (0x4)
                0x00000000                __ram2_free__ = .

.ram3_init      0x00000000        0x0 load address 0x08009e34
                0x08009e34                __ram3_init_text__ = LOADADDR (.ram3_init)
                0x00000000                __ram3_init__ = .
 *(.ram3_init)
 *(.ram3_init.*)
                0x00000000                . = ALIGN (0x4)

.ram3           0x00000000        0x0 load address 0x08009e34
                0x00000000                __ram3_clear__ = .
 *(.ram3_clear)
 *(.ram3_clear.*)
                0x00000000                . = ALIGN (0x4)
                0x00000000                __ram3_noinit__ = .
 *(.ram3)
 *(.ram3.*)
                0x00000000                . = ALIGN (0x4)
                0x00000000                __ram3_free__ = .

.ram4_init      0x00000000        0x0 load address 0x08009e34
                0x08009e34                __ram4_init_text__ = LOADADDR (.ram4_init)
                0x00000000                __ram4_init__ = .
 *(.ram4_init)
 *(.ram4_init.*)
                0x00000000                . = ALIGN (0x4)

.ram4           0x00000000        0x0 load address 0x08009e34
                0x00000000                __ram4_clear__ = .
 *(.ram4_clear)
 *(.ram4_clear.*)
                0x00000000                . = ALIGN (0x4)
                0x00000000                __ram4_noinit__ = .
 *(.ram4)
 *(.ram4.*)
                0x00000000                . = ALIGN (0x4)
                0x00000000                __ram4_free__ = .

.ram5_init      0x00000000        0x0 load address 0x08009e34
                0x08009e34                __ram5_init_text__ = LOADADDR (.ram5_init)
                0x00000000                __ram5_init__ = .
 *(.ram5_init)
 *(.ram5_init.*)
                0x00000000                . = ALIGN (0x4)

.ram5           0x00000000        0x0 load address 0x08009e34
                0x00000000                __ram5_clear__ = .
 *(.ram5_clear)
 *(.ram5_clear.*)
                0x00000000                . = ALIGN (0x4)
                0x00000000                __ram5_noinit__ = .
 *(.ram5)
 *(.ram5.*)
                0x00000000                . = ALIGN (0x4)
                0x00000000                __ram5_free__ = .

.ram6_init      0x00000000        0x0 load address 0x08009e34
                0x08009e34                __ram6_init_text__ = LOADADDR (.ram6_init)
                0x00000000                __ram6_init__ = .
 *(.ram6_init)
 *(.ram6_init.*)
                0x00000000                . = ALIGN (0x4)

.ram6           0x00000000        0x0 load address 0x08009e34
                0x00000000                __ram6_clear__ = .
 *(.ram6_clear)
 *(.ram6_clear.*)
                0x00000000                . = ALIGN (0x4)
                0x00000000                __ram6_noinit__ = .
 *(.ram6)
 *(.ram6.*)
                0x00000000                . = ALIGN (0x4)
                0x00000000                __ram6_free__ = .

.ram7_init      0x00000000        0x0 load address 0x08009e34
                0x08009e34                __ram7_init_text__ = LOADADDR (.ram7_init)
                0x00000000                __ram7_init__ = .
 *(.ram7_init)
 *(.ram7_init.*)
                0x00000000                . = ALIGN (0x4)

.ram7           0x00000000        0x0 load address 0x08009e34
                0x00000000                __ram7_clear__ = .
 *(.ram7_clear)
 *(.ram7_clear.*)
                0x00000000                . = ALIGN (0x4)
                0x00000000                __ram7_noinit__ = .
 *(.ram7)
 *(.ram7.*)
                0x00000000                . = ALIGN (0x4)
                0x00000000                __ram7_free__ = .

.flash0         0x08009e34        0x0
                0x08009e34                __flash0_init__ = .
 *(.flash0_init)
 *(.flash0_init.*)
                0x08009e34                __flash0_free__ = .

.flash1         0x00000000        0x0
                0x00000000                __flash1_init__ = .
 *(.flash1_init)
 *(.flash1_init.*)
                0x00000000                __flash1_free__ = .

.flash2         0x00000000        0x0
                0x00000000                __flash2_init__ = .
 *(.flash2_init)
 *(.flash2_init.*)
                0x00000000                __flash2_free__ = .

.flash3         0x00000000        0x0
                0x00000000                __flash3_init__ = .
 *(.flash3_init)
 *(.flash3_init.*)
                0x00000000                __flash3_free__ = .

.flash4         0x00000000        0x0
                0x00000000                __flash4_init__ = .
 *(.flash4_init)
 *(.flash4_init.*)
                0x00000000                __flash4_free__ = .

.flash5         0x00000000        0x0
                0x00000000                __flash5_init__ = .
 *(.flash5_init)
 *(.flash5_init.*)
                0x00000000                __flash5_free__ = .

.flash6         0x00000000        0x0
                0x00000000                __flash6_init__ = .
 *(.flash6_init)
 *(.flash6_init.*)
                0x00000000                __flash6_free__ = .

.flash7         0x00000000        0x0
                0x00000000                __flash7_init__ = .
 *(.flash7_init)
 *(.flash7_init.*)
                0x00000000                __flash7_free__ = .

.heap           0x20001de0    0x16220
                0x20001de0                . = ALIGN (0x8)
                0x20001de0                __heap_base__ = .
                0x20018000                . = (ORIGIN (HEAP_RAM) + LENGTH (HEAP_RAM))
 *fill*         0x20001de0    0x16220 
                0x20018000                __heap_end__ = .
                0x00000400                __process_stack_size__ = 0x400
                0x00000400                __main_stack_size__ = 0x400
LOAD c:/chibistudio/tools/gnu tools arm embedded/9.0 2019q4/bin/../lib/gcc/arm-none-eabi/9.2.1/../../../../arm-none-eabi/lib/thumb/v7e-m/nofp\libm.a
START GROUP
LOAD c:/chibistudio/tools/gnu tools arm embedded/9.0 2019q4/bin/../lib/gcc/arm-none-eabi/9.2.1/thumb/v7e-m/nofp\libgcc.a
LOAD c:/chibistudio/tools/gnu tools arm embedded/9.0 2019q4/bin/../lib/gcc/arm-none-eabi/9.2.1/../../../../arm-none-eabi/lib/thumb/v7e-m/nofp\libg.a
LOAD c:/chibistudio/tools/gnu tools arm embedded/9.0 2019q4/bin/../lib/gcc/arm-none-eabi/9.2.1/../../../../arm-none-eabi/lib/thumb/v7e-m/nofp\libc.a
END GROUP
OUTPUT(build/ch.elf elf32-littlearm)

.ARM.attributes
                0x00000000       0x2f
 .ARM.attributes
                0x00000000       0x21 ./build/obj/crt0_v7m.o
 .ARM.attributes
                0x00000021       0x21 ./build/obj/vectors.o
 .ARM.attributes
                0x00000042       0x21 ./build/obj/chcoreasm_v7m.o
 .ARM.attributes
                0x00000063       0x2c C:\Users\leona\AppData\Local\Temp\ch.elf.434qFc.ltrans0.ltrans.o
 .ARM.attributes
                0x0000008f       0x2e c:/chibistudio/tools/gnu tools arm embedded/9.0 2019q4/bin/../lib/gcc/arm-none-eabi/9.2.1/../../../../arm-none-eabi/lib/thumb/v7e-m/nofp\libm.a(lib_a-s_atan.o)
 .ARM.attributes
                0x000000bd       0x2e c:/chibistudio/tools/gnu tools arm embedded/9.0 2019q4/bin/../lib/gcc/arm-none-eabi/9.2.1/../../../../arm-none-eabi/lib/thumb/v7e-m/nofp\libm.a(lib_a-s_fabs.o)
 .ARM.attributes
                0x000000eb       0x2e c:/chibistudio/tools/gnu tools arm embedded/9.0 2019q4/bin/../lib/gcc/arm-none-eabi/9.2.1/../../../../arm-none-eabi/lib/thumb/v7e-m/nofp\libm.a(lib_a-w_sqrt.o)
 .ARM.attributes
                0x00000119       0x2e c:/chibistudio/tools/gnu tools arm embedded/9.0 2019q4/bin/../lib/gcc/arm-none-eabi/9.2.1/../../../../arm-none-eabi/lib/thumb/v7e-m/nofp\libm.a(lib_a-e_sqrt.o)
 .ARM.attributes
                0x00000147       0x2e c:/chibistudio/tools/gnu tools arm embedded/9.0 2019q4/bin/../lib/gcc/arm-none-eabi/9.2.1/../../../../arm-none-eabi/lib/thumb/v7e-m/nofp\libm.a(lib_a-s_lib_ver.o)
 .ARM.attributes
                0x00000175       0x2e c:/chibistudio/tools/gnu tools arm embedded/9.0 2019q4/bin/../lib/gcc/arm-none-eabi/9.2.1/../../../../arm-none-eabi/lib/thumb/v7e-m/nofp\libm.a(lib_a-s_matherr.o)
 .ARM.attributes
                0x000001a3       0x1e c:/chibistudio/tools/gnu tools arm embedded/9.0 2019q4/bin/../lib/gcc/arm-none-eabi/9.2.1/thumb/v7e-m/nofp\libgcc.a(_arm_addsubdf3.o)
 .ARM.attributes
                0x000001c1       0x1e c:/chibistudio/tools/gnu tools arm embedded/9.0 2019q4/bin/../lib/gcc/arm-none-eabi/9.2.1/thumb/v7e-m/nofp\libgcc.a(_arm_muldivdf3.o)
 .ARM.attributes
                0x000001df       0x1e c:/chibistudio/tools/gnu tools arm embedded/9.0 2019q4/bin/../lib/gcc/arm-none-eabi/9.2.1/thumb/v7e-m/nofp\libgcc.a(_arm_cmpdf2.o)
 .ARM.attributes
                0x000001fd       0x1e c:/chibistudio/tools/gnu tools arm embedded/9.0 2019q4/bin/../lib/gcc/arm-none-eabi/9.2.1/thumb/v7e-m/nofp\libgcc.a(_arm_unorddf2.o)
 .ARM.attributes
                0x0000021b       0x1e c:/chibistudio/tools/gnu tools arm embedded/9.0 2019q4/bin/../lib/gcc/arm-none-eabi/9.2.1/thumb/v7e-m/nofp\libgcc.a(_arm_fixdfsi.o)
 .ARM.attributes
                0x00000239       0x1e c:/chibistudio/tools/gnu tools arm embedded/9.0 2019q4/bin/../lib/gcc/arm-none-eabi/9.2.1/thumb/v7e-m/nofp\libgcc.a(_arm_truncdfsf2.o)
 .ARM.attributes
                0x00000257       0x1e c:/chibistudio/tools/gnu tools arm embedded/9.0 2019q4/bin/../lib/gcc/arm-none-eabi/9.2.1/thumb/v7e-m/nofp\libgcc.a(_arm_addsubsf3.o)
 .ARM.attributes
                0x00000275       0x1e c:/chibistudio/tools/gnu tools arm embedded/9.0 2019q4/bin/../lib/gcc/arm-none-eabi/9.2.1/thumb/v7e-m/nofp\libgcc.a(_arm_muldivsf3.o)
 .ARM.attributes
                0x00000293       0x1e c:/chibistudio/tools/gnu tools arm embedded/9.0 2019q4/bin/../lib/gcc/arm-none-eabi/9.2.1/thumb/v7e-m/nofp\libgcc.a(_arm_cmpsf2.o)
 .ARM.attributes
                0x000002b1       0x1e c:/chibistudio/tools/gnu tools arm embedded/9.0 2019q4/bin/../lib/gcc/arm-none-eabi/9.2.1/thumb/v7e-m/nofp\libgcc.a(_arm_fixsfsi.o)
 .ARM.attributes
                0x000002cf       0x2e c:/chibistudio/tools/gnu tools arm embedded/9.0 2019q4/bin/../lib/gcc/arm-none-eabi/9.2.1/../../../../arm-none-eabi/lib/thumb/v7e-m/nofp\libg.a(lib_a-atoi.o)
 .ARM.attributes
                0x000002fd       0x2e c:/chibistudio/tools/gnu tools arm embedded/9.0 2019q4/bin/../lib/gcc/arm-none-eabi/9.2.1/../../../../arm-none-eabi/lib/thumb/v7e-m/nofp\libg.a(lib_a-ctype_.o)
 .ARM.attributes
                0x0000032b       0x2e c:/chibistudio/tools/gnu tools arm embedded/9.0 2019q4/bin/../lib/gcc/arm-none-eabi/9.2.1/../../../../arm-none-eabi/lib/thumb/v7e-m/nofp\libg.a(lib_a-errno.o)
 .ARM.attributes
                0x00000359       0x2e c:/chibistudio/tools/gnu tools arm embedded/9.0 2019q4/bin/../lib/gcc/arm-none-eabi/9.2.1/../../../../arm-none-eabi/lib/thumb/v7e-m/nofp\libg.a(lib_a-impure.o)
 .ARM.attributes
                0x00000387       0x2e c:/chibistudio/tools/gnu tools arm embedded/9.0 2019q4/bin/../lib/gcc/arm-none-eabi/9.2.1/../../../../arm-none-eabi/lib/thumb/v7e-m/nofp\libg.a(lib_a-strtol.o)
 .ARM.attributes
                0x000003b5       0x1c c:/chibistudio/tools/gnu tools arm embedded/9.0 2019q4/bin/../lib/gcc/arm-none-eabi/9.2.1/../../../../arm-none-eabi/lib/thumb/v7e-m/nofp\libg.a(lib_a-memcpy.o)
 .ARM.attributes
                0x000003d1       0x2e c:/chibistudio/tools/gnu tools arm embedded/9.0 2019q4/bin/../lib/gcc/arm-none-eabi/9.2.1/../../../../arm-none-eabi/lib/thumb/v7e-m/nofp\libg.a(lib_a-memset.o)
 .ARM.attributes
                0x000003ff       0x2e c:/chibistudio/tools/gnu tools arm embedded/9.0 2019q4/bin/../lib/gcc/arm-none-eabi/9.2.1/../../../../arm-none-eabi/lib/thumb/v7e-m/nofp\libg.a(lib_a-strchr.o)
 .ARM.attributes
                0x0000042d       0x1c c:/chibistudio/tools/gnu tools arm embedded/9.0 2019q4/bin/../lib/gcc/arm-none-eabi/9.2.1/../../../../arm-none-eabi/lib/thumb/v7e-m/nofp\libg.a(lib_a-strcmp.o)
 .ARM.attributes
                0x00000449       0x2e c:/chibistudio/tools/gnu tools arm embedded/9.0 2019q4/bin/../lib/gcc/arm-none-eabi/9.2.1/../../../../arm-none-eabi/lib/thumb/v7e-m/nofp\libg.a(lib_a-strpbrk.o)
 .ARM.attributes
                0x00000477       0x2e c:/chibistudio/tools/gnu tools arm embedded/9.0 2019q4/bin/../lib/gcc/arm-none-eabi/9.2.1/../../../../arm-none-eabi/lib/thumb/v7e-m/nofp\libg.a(lib_a-strspn.o)

.comment        0x00000000       0x79
 .comment       0x00000000       0x79 C:\Users\leona\AppData\Local\Temp\ch.elf.434qFc.ltrans0.ltrans.o
                                 0x7a (size before relaxing)

.debug_line     0x00000000    0x17338
 .debug_line    0x00000000       0xcd ./build/obj/crt0_v7m.o
 .debug_line    0x000000cd       0x77 ./build/obj/vectors.o
 .debug_line    0x00000144       0x94 ./build/obj/chcoreasm_v7m.o
 .debug_line    0x000001d8     0x91d5 C:\Users\leona\AppData\Local\Temp\ch.elf.434qFc.ltrans0.ltrans.o
 .debug_line    0x000093ad      0x1ad C:\Users\leona\AppData\Local\Temp\ccUyI5dz.debug.temp.o
 .debug_line    0x0000955a      0x57c C:\Users\leona\AppData\Local\Temp\ccAfIihT.debug.temp.o
 .debug_line    0x00009ad6      0x561 C:\Users\leona\AppData\Local\Temp\ccCXsGod.debug.temp.o
 .debug_line    0x0000a037      0x5d4 C:\Users\leona\AppData\Local\Temp\ccCaMJAx.debug.temp.o
 .debug_line    0x0000a60b      0x5c2 C:\Users\leona\AppData\Local\Temp\ccGrQMQR.debug.temp.o
 .debug_line    0x0000abcd      0x591 C:\Users\leona\AppData\Local\Temp\cce0Rzbc.debug.temp.o
 .debug_line    0x0000b15e      0x58f C:\Users\leona\AppData\Local\Temp\ccum4X3Q.debug.temp.o
 .debug_line    0x0000b6ed      0x58f C:\Users\leona\AppData\Local\Temp\cc2s3ura.debug.temp.o
 .debug_line    0x0000bc7c      0x58f C:\Users\leona\AppData\Local\Temp\cc0WJpVt.debug.temp.o
 .debug_line    0x0000c20b      0x608 C:\Users\leona\AppData\Local\Temp\cceRVTtN.debug.temp.o
 .debug_line    0x0000c813      0x58f C:\Users\leona\AppData\Local\Temp\ccsL7n26.debug.temp.o
 .debug_line    0x0000cda2      0x592 C:\Users\leona\AppData\Local\Temp\ccYAw2Eq.debug.temp.o
 .debug_line    0x0000d334      0x55f C:\Users\leona\AppData\Local\Temp\ccsVtmmK.debug.temp.o
 .debug_line    0x0000d893      0x566 C:\Users\leona\AppData\Local\Temp\ccoYAh83.debug.temp.o
 .debug_line    0x0000ddf9      0x564 C:\Users\leona\AppData\Local\Temp\ccuKOlYn.debug.temp.o
 .debug_line    0x0000e35d      0x577 C:\Users\leona\AppData\Local\Temp\cc80x9G0.debug.temp.o
 .debug_line    0x0000e8d4      0x575 C:\Users\leona\AppData\Local\Temp\ccgo0Xzj.debug.temp.o
 .debug_line    0x0000ee49      0x58a C:\Users\leona\AppData\Local\Temp\cc6KZZrV.debug.temp.o
 .debug_line    0x0000f3d3      0x593 C:\Users\leona\AppData\Local\Temp\ccOKwdre.debug.temp.o
 .debug_line    0x0000f966      0x576 C:\Users\leona\AppData\Local\Temp\ccYYJavx.debug.temp.o
 .debug_line    0x0000fedc      0x577 C:\Users\leona\AppData\Local\Temp\ccYrjeDQ.debug.temp.o
 .debug_line    0x00010453      0x53a C:\Users\leona\AppData\Local\Temp\ccafQQP9.debug.temp.o
 .debug_line    0x0001098d      0x57a C:\Users\leona\AppData\Local\Temp\ccK6oE6s.debug.temp.o
 .debug_line    0x00010f07      0x5a5 C:\Users\leona\AppData\Local\Temp\ccOjb7XP.debug.temp.o
 .debug_line    0x000114ac      0x3a3 C:\Users\leona\AppData\Local\Temp\cca7XBLz.debug.temp.o
 .debug_line    0x0001184f      0x36f C:\Users\leona\AppData\Local\Temp\ccQL0OLW.debug.temp.o
 .debug_line    0x00011bbe      0x379 C:\Users\leona\AppData\Local\Temp\ccIbLQ1G.debug.temp.o
 .debug_line    0x00011f37      0x378 C:\Users\leona\AppData\Local\Temp\ccqJRJh4.debug.temp.o
 .debug_line    0x000122af      0x39c C:\Users\leona\AppData\Local\Temp\ccYvkJBr.debug.temp.o
 .debug_line    0x0001264b      0x35d C:\Users\leona\AppData\Local\Temp\ccY0Wj0O.debug.temp.o
 .debug_line    0x000129a8      0x36f C:\Users\leona\AppData\Local\Temp\ccKczXib.debug.temp.o
 .debug_line    0x00012d17      0x3a2 C:\Users\leona\AppData\Local\Temp\ccwobBBx.debug.temp.o
 .debug_line    0x000130b9      0x36d C:\Users\leona\AppData\Local\Temp\cc6OsFpg.debug.temp.o
 .debug_line    0x00013426      0x37e C:\Users\leona\AppData\Local\Temp\ccqVFivZ.debug.temp.o
 .debug_line    0x000137a4      0x390 C:\Users\leona\AppData\Local\Temp\ccYcBDQI.debug.temp.o
 .debug_line    0x00013b34      0x374 C:\Users\leona\AppData\Local\Temp\ccgSuxis.debug.temp.o
 .debug_line    0x00013ea8      0x376 C:\Users\leona\AppData\Local\Temp\ccKssR7O.debug.temp.o
 .debug_line    0x0001421e      0x375 C:\Users\leona\AppData\Local\Temp\cc2MGeRa.debug.temp.o
 .debug_line    0x00014593      0x3ac C:\Users\leona\AppData\Local\Temp\ccktBxte.debug.temp.o
 .debug_line    0x0001493f      0x3c1 C:\Users\leona\AppData\Local\Temp\ccWPbquA.debug.temp.o
 .debug_line    0x00014d00      0x389 C:\Users\leona\AppData\Local\Temp\ccqZRKAi.debug.temp.o
 .debug_line    0x00015089      0x596 C:\Users\leona\AppData\Local\Temp\ccaQvEME.debug.temp.o
 .debug_line    0x0001561f      0x58e C:\Users\leona\AppData\Local\Temp\ccO59c30.debug.temp.o
 .debug_line    0x00015bad      0x5c0 C:\Users\leona\AppData\Local\Temp\cc89flsH.debug.temp.o
 .debug_line    0x0001616d      0x5d1 C:\Users\leona\AppData\Local\Temp\ccS6GEL2.debug.temp.o
 .debug_line    0x0001673e      0x595 C:\Users\leona\AppData\Local\Temp\ccUsOZ8n.debug.temp.o
 .debug_line    0x00016cd3      0x665 C:\Users\leona\AppData\Local\Temp\ccUi9QsO.debug.temp.o

.debug_info     0x00000000    0x5b862
 .debug_info    0x00000000       0x26 ./build/obj/crt0_v7m.o
 .debug_info    0x00000026       0x26 ./build/obj/vectors.o
 .debug_info    0x0000004c       0x26 ./build/obj/chcoreasm_v7m.o
 .debug_info    0x00000072     0xc43c C:\Users\leona\AppData\Local\Temp\ch.elf.434qFc.ltrans0.ltrans.o
 .debug_info    0x0000c4ae      0x35d C:\Users\leona\AppData\Local\Temp\ccUyI5dz.debug.temp.o
                0x0000c4ae                crt1.c.775b990a
 .debug_info    0x0000c80b     0x1b9e C:\Users\leona\AppData\Local\Temp\ccAfIihT.debug.temp.o
                0x0000c80b                hal.c.445ccce0
 .debug_info    0x0000e3a9     0x1ca3 C:\Users\leona\AppData\Local\Temp\ccCXsGod.debug.temp.o
                0x0000e3a9                hal_st.c.d6e83451
 .debug_info    0x0001004c     0x2bdc C:\Users\leona\AppData\Local\Temp\ccCaMJAx.debug.temp.o
                0x0001004c                hal_buffers.c.0b593d9d
 .debug_info    0x00012c28     0x29f5 C:\Users\leona\AppData\Local\Temp\ccGrQMQR.debug.temp.o
                0x00012c28                hal_queues.c.958e4e8d
 .debug_info    0x0001561d     0x1f61 C:\Users\leona\AppData\Local\Temp\cce0Rzbc.debug.temp.o
                0x0001561d                hal_flash.c.78164400
 .debug_info    0x0001757e     0x1f29 C:\Users\leona\AppData\Local\Temp\ccum4X3Q.debug.temp.o
                0x0001757e                hal_adc.c.a10e72c4
 .debug_info    0x000194a7     0x1e8a C:\Users\leona\AppData\Local\Temp\cc2s3ura.debug.temp.o
                0x000194a7                hal_i2c.c.652d0ffa
 .debug_info    0x0001b331     0x1da6 C:\Users\leona\AppData\Local\Temp\cc0WJpVt.debug.temp.o
                0x0001b331                hal_icu.c.2ba2cc93
 .debug_info    0x0001d0d7     0x1db7 C:\Users\leona\AppData\Local\Temp\cceRVTtN.debug.temp.o
                0x0001d0d7                hal_pal.c.d30cc52e
 .debug_info    0x0001ee8e     0x1e52 C:\Users\leona\AppData\Local\Temp\ccsL7n26.debug.temp.o
                0x0001ee8e                hal_pwm.c.8e222d99
 .debug_info    0x00020ce0     0x2074 C:\Users\leona\AppData\Local\Temp\ccYAw2Eq.debug.temp.o
                0x00020ce0                hal_serial.c.1ba9bf65
 .debug_info    0x00022d54     0x1f0a C:\Users\leona\AppData\Local\Temp\ccsVtmmK.debug.temp.o
                0x00022d54                nvic.c.b8b9c36f
 .debug_info    0x00024c5e     0x1d2c C:\Users\leona\AppData\Local\Temp\ccoYAh83.debug.temp.o
                0x00024c5e                stm32_isr.c.68c6eb61
 .debug_info    0x0002698a     0x2067 C:\Users\leona\AppData\Local\Temp\ccuKOlYn.debug.temp.o
                0x0002698a                hal_lld.c.1debddc1
 .debug_info    0x000289f1     0x1f8b C:\Users\leona\AppData\Local\Temp\cc80x9G0.debug.temp.o
                0x000289f1                hal_adc_lld.c.ad1cffe4
 .debug_info    0x0002a97c     0x21d6 C:\Users\leona\AppData\Local\Temp\ccgo0Xzj.debug.temp.o
                0x0002a97c                stm32_dma.c.5daa0b62
 .debug_info    0x0002cb52     0x1d46 C:\Users\leona\AppData\Local\Temp\cc6KZZrV.debug.temp.o
                0x0002cb52                hal_pal_lld.c.8359b573
 .debug_info    0x0002e898     0x24a3 C:\Users\leona\AppData\Local\Temp\ccOKwdre.debug.temp.o
                0x0002e898                hal_i2c_lld.c.b46f7156
 .debug_info    0x00030d3b     0x1e6e C:\Users\leona\AppData\Local\Temp\ccYYJavx.debug.temp.o
                0x00030d3b                hal_st_lld.c.f353a6ed
 .debug_info    0x00032ba9     0x1f62 C:\Users\leona\AppData\Local\Temp\ccYrjeDQ.debug.temp.o
                0x00032ba9                hal_icu_lld.c.fb045d4b
 .debug_info    0x00034b0b     0x1f41 C:\Users\leona\AppData\Local\Temp\ccafQQP9.debug.temp.o
                0x00034b0b                hal_pwm_lld.c.62c2c201
 .debug_info    0x00036a4c     0x1fcb C:\Users\leona\AppData\Local\Temp\ccK6oE6s.debug.temp.o
                0x00036a4c                hal_serial_lld.c.22ba6361
 .debug_info    0x00038a17     0x1f98 C:\Users\leona\AppData\Local\Temp\ccOjb7XP.debug.temp.o
                0x00038a17                board.c.187dfc2f
 .debug_info    0x0003a9af     0x10ad C:\Users\leona\AppData\Local\Temp\cca7XBLz.debug.temp.o
                0x0003a9af                chsys.c.42a490e4
 .debug_info    0x0003ba5c      0xbb2 C:\Users\leona\AppData\Local\Temp\ccQL0OLW.debug.temp.o
                0x0003ba5c                chdebug.c.7ecc9d11
 .debug_info    0x0003c60e      0xca9 C:\Users\leona\AppData\Local\Temp\ccIbLQ1G.debug.temp.o
                0x0003c60e                chvt.c.6f9000c5
 .debug_info    0x0003d2b7      0xe30 C:\Users\leona\AppData\Local\Temp\ccqJRJh4.debug.temp.o
                0x0003d2b7                chschd.c.4123eafb
 .debug_info    0x0003e0e7     0x13ae C:\Users\leona\AppData\Local\Temp\ccYvkJBr.debug.temp.o
                0x0003e0e7                chthreads.c.6beefcaf
 .debug_info    0x0003f495      0xd69 C:\Users\leona\AppData\Local\Temp\ccY0Wj0O.debug.temp.o
                0x0003f495                chtm.c.a7698912
 .debug_info    0x000401fe      0xbaf C:\Users\leona\AppData\Local\Temp\ccKczXib.debug.temp.o
                0x000401fe                chstats.c.321955c8
 .debug_info    0x00040dad     0x1518 C:\Users\leona\AppData\Local\Temp\ccwobBBx.debug.temp.o
                0x00040dad                chregistry.c.5f8f0948
 .debug_info    0x000422c5      0xe65 C:\Users\leona\AppData\Local\Temp\cc6OsFpg.debug.temp.o
                0x000422c5                chmtx.c.df7458f5
 .debug_info    0x0004312a     0x107b C:\Users\leona\AppData\Local\Temp\ccqVFivZ.debug.temp.o
                0x0004312a                chevents.c.87a9138f
 .debug_info    0x000441a5      0xdea C:\Users\leona\AppData\Local\Temp\ccYcBDQI.debug.temp.o
                0x000441a5                chdynamic.c.00dba63b
 .debug_info    0x00044f8f      0xd11 C:\Users\leona\AppData\Local\Temp\ccgSuxis.debug.temp.o
                0x00044f8f                chmemcore.c.ed3ff36c
 .debug_info    0x00045ca0      0xe07 C:\Users\leona\AppData\Local\Temp\ccKssR7O.debug.temp.o
                0x00045ca0                chmemheaps.c.9d1c704c
 .debug_info    0x00046aa7      0xebc C:\Users\leona\AppData\Local\Temp\cc2MGeRa.debug.temp.o
                0x00046aa7                chmempools.c.620cc911
 .debug_info    0x00047963      0xf3c C:\Users\leona\AppData\Local\Temp\ccktBxte.debug.temp.o
                0x00047963                chdelegates.c.81749e34
 .debug_info    0x0004889f     0x1dc4 C:\Users\leona\AppData\Local\Temp\ccWPbquA.debug.temp.o
                0x0004889f                chfactory.c.97544681
 .debug_info    0x0004a663     0x1b94 C:\Users\leona\AppData\Local\Temp\ccqZRKAi.debug.temp.o
                0x0004a663                chcore_v7m.c.9d0d88d9
 .debug_info    0x0004c1f7     0x1ff6 C:\Users\leona\AppData\Local\Temp\ccaQvEME.debug.temp.o
                0x0004c1f7                chprintf.c.dedc28eb
 .debug_info    0x0004e1ed     0x25e5 C:\Users\leona\AppData\Local\Temp\ccO59c30.debug.temp.o
                0x0004e1ed                memstreams.c.d88d6a95
 .debug_info    0x000507d2     0x283e C:\Users\leona\AppData\Local\Temp\cc89flsH.debug.temp.o
                0x000507d2                shell.c.bab2ba63